Component: ARM Compiler 5.06 update 1 (build 61) Tool: armlink [4d35a8]

==============================================================================

Section Cross References

    prog_capteur.o(i.Init_I2C) refers to i2c_lpc17xx.o(.constdata) for Driver_I2C2
    prog_capteur.o(i.TIMER0_IRQHandler) refers to _printf_percent.o(.ARM.Collect$$_printf_percent$$00000000) for _printf_percent
    prog_capteur.o(i.TIMER0_IRQHandler) refers to _printf_d.o(.ARM.Collect$$_printf_percent$$00000009) for _printf_d
    prog_capteur.o(i.TIMER0_IRQHandler) refers to _printf_dec.o(.text) for _printf_int_dec
    prog_capteur.o(i.TIMER0_IRQHandler) refers to prog_capteur.o(i.read1byte) for read1byte
    prog_capteur.o(i.TIMER0_IRQHandler) refers to __2sprintf.o(.text) for __2sprintf
    prog_capteur.o(i.TIMER0_IRQHandler) refers to glcd_mcb1700.o(i.GLCD_DrawString) for GLCD_DrawString
    prog_capteur.o(i.TIMER0_IRQHandler) refers to glcd_mcb1700.o(i.GLCD_SetForegroundColor) for GLCD_SetForegroundColor
    prog_capteur.o(i.TIMER0_IRQHandler) refers to led_mcb1700.o(i.LED_On) for LED_On
    prog_capteur.o(i.TIMER0_IRQHandler) refers to prog_capteur.o(.data) for presence
    prog_capteur.o(i.TIMER0_IRQHandler) refers to prog_capteur.o(.bss) for tab3
    prog_capteur.o(i.main) refers to prog_capteur.o(i.Init_I2C) for Init_I2C
    prog_capteur.o(i.main) refers to glcd_mcb1700.o(i.GLCD_Initialize) for GLCD_Initialize
    prog_capteur.o(i.main) refers to glcd_mcb1700.o(i.GLCD_ClearScreen) for GLCD_ClearScreen
    prog_capteur.o(i.main) refers to glcd_mcb1700.o(i.GLCD_SetFont) for GLCD_SetFont
    prog_capteur.o(i.main) refers to led_mcb1700.o(i.LED_Initialize) for LED_Initialize
    prog_capteur.o(i.main) refers to prog_capteur.o(i.Timer_Init) for Timer_Init
    prog_capteur.o(i.main) refers to glcd_fonts.o(.constdata) for GLCD_Font_16x24
    prog_capteur.o(i.main) refers to prog_capteur.o(.data) for DeviceAddr
    prog_capteur.o(i.read1byte) refers to led_mcb1700.o(i.LED_On) for LED_On
    prog_capteur.o(i.read1byte) refers to led_mcb1700.o(i.LED_Off) for LED_Off
    prog_capteur.o(i.read1byte) refers to i2c_lpc17xx.o(.constdata) for Driver_I2C2
    prog_capteur.o(i.write1byte) refers to i2c_lpc17xx.o(.constdata) for Driver_I2C2
    glcd_mcb1700.o(i.GLCD_ClearScreen) refers to glcd_mcb1700.o(i.GLCD_WindowMax) for GLCD_WindowMax
    glcd_mcb1700.o(i.GLCD_ClearScreen) refers to glcd_mcb1700.o(i.wr_cmd) for wr_cmd
    glcd_mcb1700.o(i.GLCD_ClearScreen) refers to glcd_mcb1700.o(i.wr_dat_start) for wr_dat_start
    glcd_mcb1700.o(i.GLCD_ClearScreen) refers to glcd_mcb1700.o(i.wr_dat_only) for wr_dat_only
    glcd_mcb1700.o(i.GLCD_ClearScreen) refers to glcd_mcb1700.o(i.wr_dat_stop) for wr_dat_stop
    glcd_mcb1700.o(i.GLCD_ClearScreen) refers to glcd_mcb1700.o(.data) for background_color
    glcd_mcb1700.o(i.GLCD_DrawBargraph) refers to glcd_mcb1700.o(i.GLCD_SetWindow) for GLCD_SetWindow
    glcd_mcb1700.o(i.GLCD_DrawBargraph) refers to glcd_mcb1700.o(i.wr_cmd) for wr_cmd
    glcd_mcb1700.o(i.GLCD_DrawBargraph) refers to glcd_mcb1700.o(i.wr_dat_start) for wr_dat_start
    glcd_mcb1700.o(i.GLCD_DrawBargraph) refers to glcd_mcb1700.o(i.wr_dat_only) for wr_dat_only
    glcd_mcb1700.o(i.GLCD_DrawBargraph) refers to glcd_mcb1700.o(i.wr_dat_stop) for wr_dat_stop
    glcd_mcb1700.o(i.GLCD_DrawBargraph) refers to glcd_mcb1700.o(.data) for background_color
    glcd_mcb1700.o(i.GLCD_DrawBitmap) refers to glcd_mcb1700.o(i.GLCD_SetWindow) for GLCD_SetWindow
    glcd_mcb1700.o(i.GLCD_DrawBitmap) refers to glcd_mcb1700.o(i.wr_cmd) for wr_cmd
    glcd_mcb1700.o(i.GLCD_DrawBitmap) refers to glcd_mcb1700.o(i.wr_dat_start) for wr_dat_start
    glcd_mcb1700.o(i.GLCD_DrawBitmap) refers to glcd_mcb1700.o(i.wr_dat_only) for wr_dat_only
    glcd_mcb1700.o(i.GLCD_DrawBitmap) refers to glcd_mcb1700.o(i.wr_dat_stop) for wr_dat_stop
    glcd_mcb1700.o(i.GLCD_DrawChar) refers to glcd_mcb1700.o(i.GLCD_SetWindow) for GLCD_SetWindow
    glcd_mcb1700.o(i.GLCD_DrawChar) refers to glcd_mcb1700.o(i.wr_cmd) for wr_cmd
    glcd_mcb1700.o(i.GLCD_DrawChar) refers to glcd_mcb1700.o(i.wr_dat_start) for wr_dat_start
    glcd_mcb1700.o(i.GLCD_DrawChar) refers to glcd_mcb1700.o(i.wr_dat_only) for wr_dat_only
    glcd_mcb1700.o(i.GLCD_DrawChar) refers to glcd_mcb1700.o(i.wr_dat_stop) for wr_dat_stop
    glcd_mcb1700.o(i.GLCD_DrawChar) refers to glcd_mcb1700.o(.data) for active_font
    glcd_mcb1700.o(i.GLCD_DrawHLine) refers to glcd_mcb1700.o(i.GLCD_SetWindow) for GLCD_SetWindow
    glcd_mcb1700.o(i.GLCD_DrawHLine) refers to glcd_mcb1700.o(i.wr_cmd) for wr_cmd
    glcd_mcb1700.o(i.GLCD_DrawHLine) refers to glcd_mcb1700.o(i.wr_dat_start) for wr_dat_start
    glcd_mcb1700.o(i.GLCD_DrawHLine) refers to glcd_mcb1700.o(i.wr_dat_only) for wr_dat_only
    glcd_mcb1700.o(i.GLCD_DrawHLine) refers to glcd_mcb1700.o(i.wr_dat_stop) for wr_dat_stop
    glcd_mcb1700.o(i.GLCD_DrawHLine) refers to glcd_mcb1700.o(.data) for foreground_color
[...]
    i.Init_I2C                               0x00001ef4   Section        0  prog_capteur.o(i.Init_I2C)
    i.LED_Initialize                         0x00001f20   Section        0  led_mcb1700.o(i.LED_Initialize)
    i.LED_Off                                0x00001f7c   Section        0  led_mcb1700.o(i.LED_Off)
    i.LED_On                                 0x00001fa8   Section        0  led_mcb1700.o(i.LED_On)
    i.PIN_Configure                          0x00001fd4   Section        0  pin_lpc17xx.o(i.PIN_Configure)
    i.PIN_ConfigureI2C0Pins                  0x000020d0   Section        0  pin_lpc17xx.o(i.PIN_ConfigureI2C0Pins)
    i.SSP1_Control                           0x000020f0   Section        0  ssp_lpc17xx.o(i.SSP1_Control)
    SSP1_Control                             0x000020f1   Thumb Code    18  ssp_lpc17xx.o(i.SSP1_Control)
    i.SSP1_GPDMA_Rx_SignalEvent              0x00002108   Section        0  ssp_lpc17xx.o(i.SSP1_GPDMA_Rx_SignalEvent)
    i.SSP1_GPDMA_Tx_SignalEvent              0x0000211c   Section        0  ssp_lpc17xx.o(i.SSP1_GPDMA_Tx_SignalEvent)
    i.SSP1_GetDataCount                      0x00002130   Section        0  ssp_lpc17xx.o(i.SSP1_GetDataCount)
    SSP1_GetDataCount                        0x00002131   Thumb Code    10  ssp_lpc17xx.o(i.SSP1_GetDataCount)
    i.SSP1_GetStatus                         0x00002140   Section        0  ssp_lpc17xx.o(i.SSP1_GetStatus)
    SSP1_GetStatus                           0x00002141   Thumb Code    12  ssp_lpc17xx.o(i.SSP1_GetStatus)
    i.SSP1_IRQHandler                        0x00002150   Section        0  ssp_lpc17xx.o(i.SSP1_IRQHandler)
    i.SSP1_Initialize                        0x00002160   Section        0  ssp_lpc17xx.o(i.SSP1_Initialize)
    SSP1_Initialize                          0x00002161   Thumb Code    14  ssp_lpc17xx.o(i.SSP1_Initialize)
    i.SSP1_PowerControl                      0x00002174   Section        0  ssp_lpc17xx.o(i.SSP1_PowerControl)
    SSP1_PowerControl                        0x00002175   Thumb Code    14  ssp_lpc17xx.o(i.SSP1_PowerControl)
    i.SSP1_Receive                           0x00002188   Section        0  ssp_lpc17xx.o(i.SSP1_Receive)
    SSP1_Receive                             0x00002189   Thumb Code    18  ssp_lpc17xx.o(i.SSP1_Receive)
    i.SSP1_Send                              0x000021a0   Section        0  ssp_lpc17xx.o(i.SSP1_Send)
    SSP1_Send                                0x000021a1   Thumb Code    18  ssp_lpc17xx.o(i.SSP1_Send)
    i.SSP1_Transfer                          0x000021b8   Section        0  ssp_lpc17xx.o(i.SSP1_Transfer)
    SSP1_Transfer                            0x000021b9   Thumb Code    22  ssp_lpc17xx.o(i.SSP1_Transfer)
    i.SSP1_Uninitialize                      0x000021d4   Section        0  ssp_lpc17xx.o(i.SSP1_Uninitialize)
    SSP1_Uninitialize                        0x000021d5   Thumb Code    10  ssp_lpc17xx.o(i.SSP1_Uninitialize)
    i.SSP_GetCapabilities                    0x000021e4   Section        0  ssp_lpc17xx.o(i.SSP_GetCapabilities)
    SSP_GetCapabilities                      0x000021e5   Thumb Code     6  ssp_lpc17xx.o(i.SSP_GetCapabilities)
    i.SSP_GetVersion                         0x000021f0   Section        0  ssp_lpc17xx.o(i.SSP_GetVersion)
    SSP_GetVersion                           0x000021f1   Thumb Code    10  ssp_lpc17xx.o(i.SSP_GetVersion)
    i.SSPx_Control                           0x00002200   Section        0  ssp_lpc17xx.o(i.SSPx_Control)
    SSPx_Control                             0x00002201   Thumb Code  1310  ssp_lpc17xx.o(i.SSPx_Control)
    i.SSPx_GPDMA_Rx_SignalEvent              0x0000271e   Section        0  ssp_lpc17xx.o(i.SSPx_GPDMA_Rx_SignalEvent)
    i.SSPx_GPDMA_Tx_SignalEvent              0x00002754   Section        0  ssp_lpc17xx.o(i.SSPx_GPDMA_Tx_SignalEvent)
    i.SSPx_GetDataCount                      0x00002770   Section        0  ssp_lpc17xx.o(i.SSPx_GetDataCount)
    SSPx_GetDataCount                        0x00002771   Thumb Code    44  ssp_lpc17xx.o(i.SSPx_GetDataCount)
    i.SSPx_GetStatus                         0x0000279c   Section        0  ssp_lpc17xx.o(i.SSPx_GetStatus)
    SSPx_GetStatus                           0x0000279d   Thumb Code    90  ssp_lpc17xx.o(i.SSPx_GetStatus)
    i.SSPx_IRQHandler                        0x000027f6   Section        0  ssp_lpc17xx.o(i.SSPx_IRQHandler)
    SSPx_IRQHandler                          0x000027f7   Thumb Code   260  ssp_lpc17xx.o(i.SSPx_IRQHandler)
    i.SSPx_Initialize                        0x000028fa   Section        0  ssp_lpc17xx.o(i.SSPx_Initialize)
    SSPx_Initialize                          0x000028fb   Thumb Code   168  ssp_lpc17xx.o(i.SSPx_Initialize)
    i.SSPx_PowerControl                      0x000029a4   Section        0  ssp_lpc17xx.o(i.SSPx_PowerControl)
    SSPx_PowerControl                        0x000029a5   Thumb Code   430  ssp_lpc17xx.o(i.SSPx_PowerControl)
    i.SSPx_Receive                           0x00002b58   Section        0  ssp_lpc17xx.o(i.SSPx_Receive)
    SSPx_Receive                             0x00002b59   Thumb Code   344  ssp_lpc17xx.o(i.SSPx_Receive)
    i.SSPx_Send                              0x00002cb4   Section        0  ssp_lpc17xx.o(i.SSPx_Send)
    SSPx_Send                                0x00002cb5   Thumb Code   336  ssp_lpc17xx.o(i.SSPx_Send)
    i.SSPx_Transfer                          0x00002e08   Section        0  ssp_lpc17xx.o(i.SSPx_Transfer)
    SSPx_Transfer                            0x00002e09   Thumb Code   338  ssp_lpc17xx.o(i.SSPx_Transfer)
    i.SSPx_Uninitialize                      0x00002f5a   Section        0  ssp_lpc17xx.o(i.SSPx_Uninitialize)
    SSPx_Uninitialize                        0x00002f5b   Thumb Code   112  ssp_lpc17xx.o(i.SSPx_Uninitialize)
    i.Set_Channel_active_flag                0x00002fcc   Section        0  gpdma_lpc17xx.o(i.Set_Channel_active_flag)
    Set_Channel_active_flag                  0x00002fcd   Thumb Code    50  gpdma_lpc17xx.o(i.Set_Channel_active_flag)
    i.SystemInit                             0x00003004   Section        0  system_lpc17xx.o(i.SystemInit)
    i.TIMER0_IRQHandler                      0x00003144   Section        0  prog_capteur.o(i.TIMER0_IRQHandler)
    i.Timer_Init                             0x000031a8   Section        0  prog_capteur.o(i.Timer_Init)
    i.__NVIC_ClearPendingIRQ                 0x000031d4   Section        0  i2c_lpc17xx.o(i.__NVIC_ClearPendingIRQ)
    __NVIC_ClearPendingIRQ                   0x000031d5   Thumb Code    22  i2c_lpc17xx.o(i.__NVIC_ClearPendingIRQ)
    i.__NVIC_ClearPendingIRQ                 0x000031f0   Section        0  ssp_lpc17xx.o(i.__NVIC_ClearPendingIRQ)
    __NVIC_ClearPendingIRQ                   0x000031f1   Thumb Code    22  ssp_lpc17xx.o(i.__NVIC_ClearPendingIRQ)
    i.__NVIC_ClearPendingIRQ                 0x0000320c   Section        0  gpdma_lpc17xx.o(i.__NVIC_ClearPendingIRQ)
    __NVIC_ClearPendingIRQ                   0x0000320d   Thumb Code    22  gpdma_lpc17xx.o(i.__NVIC_ClearPendingIRQ)
    i.__NVIC_DisableIRQ                      0x00003228   Section        0  i2c_lpc17xx.o(i.__NVIC_DisableIRQ)
    __NVIC_DisableIRQ                        0x00003229   Thumb Code    54  i2c_lpc17xx.o(i.__NVIC_DisableIRQ)
    i.__NVIC_EnableIRQ                       0x00003264   Section        0  i2c_lpc17xx.o(i.__NVIC_EnableIRQ)
    __NVIC_EnableIRQ                         0x00003265   Thumb Code    26  i2c_lpc17xx.o(i.__NVIC_EnableIRQ)
    i._init_box                              0x0000327e   Section        0  rt_membox.o(i._init_box)
    i._is_digit                              0x000032c4   Section        0  __printf_wp.o(i._is_digit)
    i._mutex_acquire                         0x000032d4   Section        0  rtx_conf_cm.o(i._mutex_acquire)
    __tagsym$$used                           0x000032d5   Number         0  rtx_conf_cm.o(i._mutex_acquire)
    i._mutex_release                         0x000032f4   Section        0  rtx_conf_cm.o(i._mutex_release)
    __tagsym$$used                           0x000032f5   Number         0  rtx_conf_cm.o(i._mutex_release)
    i.dbg_init                               0x00003310   Section        0  hal_cm.o(i.dbg_init)
    i.dbg_task_notify                        0x00003340   Section        0  hal_cm.o(i.dbg_task_notify)
    i.dbg_task_switch                        0x00003360   Section        0  hal_cm.o(i.dbg_task_switch)
    i.delay_ms                               0x00003370   Section        0  glcd_mcb1700.o(i.delay_ms)
    delay_ms                                 0x00003371   Thumb Code    38  glcd_mcb1700.o(i.delay_ms)
    i.isrMessageGet                          0x0000339c   Section        0  rt_cmsis.o(i.isrMessageGet)
    i.isrMessagePut                          0x000033c6   Section        0  rt_cmsis.o(i.isrMessagePut)
    i.isr_mbx_receive                        0x000033f4   Section        0  rt_mailbox.o(i.isr_mbx_receive)
    i.isr_mbx_send                           0x0000344a   Section        0  rt_mailbox.o(i.isr_mbx_send)
    i.main                                   0x00003458   Section        0  prog_capteur.o(i.main)
    i.osKernelInitialize                     0x000034d4   Section        0  rt_cmsis.o(i.osKernelInitialize)
    i.osKernelStart                          0x000034f8   Section        0  rt_cmsis.o(i.osKernelStart)
    i.osMessageGet                           0x00003564   Section        0  rt_cmsis.o(i.osMessageGet)
    i.osThreadCreate                         0x0000357c   Section        0  rt_cmsis.o(i.osThreadCreate)
    i.osThreadExit                           0x000035a8   Section        0  rt_cmsis.o(i.osThreadExit)
    i.osTimerCall                            0x000035c0   Section        0  rt_cmsis.o(i.osTimerCall)
    i.osTimerThread                          0x000035cc   Section        0  rt_cmsis.o(i.osTimerThread)
    i.os_error                               0x000035f8   Section        0  rtx_conf_cm.o(i.os_error)
    i.os_idle_demon                          0x0000361a   Section        0  rtx_conf_cm.o(i.os_idle_demon)
    i.os_tick_init                           0x00003620   Section        0  rt_system.o(i.os_tick_init)
    i.rd_dat                                 0x00003648   Section        0  glcd_mcb1700.o(i.rd_dat)
    rd_dat                                   0x00003649   Thumb Code    64  glcd_mcb1700.o(i.rd_dat)
    i.rd_id_man                              0x0000368c   Section        0  glcd_mcb1700.o(i.rd_id_man)
    rd_id_man                                0x0000368d   Thumb Code   196  glcd_mcb1700.o(i.rd_id_man)
    i.rd_reg                                 0x00003754   Section        0  glcd_mcb1700.o(i.rd_reg)
    rd_reg                                   0x00003755   Thumb Code    16  glcd_mcb1700.o(i.rd_reg)
    i.read1byte                              0x00003764   Section        0  prog_capteur.o(i.read1byte)
    i.rt_alloc_box                           0x000037c8   Section        0  rt_membox.o(i.rt_alloc_box)
    i.rt_alloc_mem                           0x000037e2   Section        0  rt_memory.o(i.rt_alloc_mem)
    i.rt_block                               0x00003820   Section        0  rt_task.o(i.rt_block)
    i.rt_chk_robin                           0x00003858   Section        0  rt_robin.o(i.rt_chk_robin)
    i.rt_dec_dly                             0x000038a0   Section        0  rt_list.o(i.rt_dec_dly)
    i.rt_dispatch                            0x00003910   Section        0  rt_task.o(i.rt_dispatch)
    i.rt_evt_psh                             0x00003954   Section        0  rt_event.o(i.rt_evt_psh)
    i.rt_free_box                            0x000039a4   Section        0  rt_membox.o(i.rt_free_box)
    i.rt_free_mem                            0x000039d0   Section        0  rt_memory.o(i.rt_free_mem)
    i.rt_get_first                           0x000039f8   Section        0  rt_list.o(i.rt_get_first)
    i.rt_id2obj                              0x00003a20   Section        0  rt_cmsis.o(i.rt_id2obj)
    rt_id2obj                                0x00003a21   Thumb Code     8  rt_cmsis.o(i.rt_id2obj)
    i.rt_init_context                        0x00003a28   Section        0  rt_task.o(i.rt_init_context)
    rt_init_context                          0x00003a29   Thumb Code    66  rt_task.o(i.rt_init_context)
    i.rt_init_mem                            0x00003a70   Section        0  rt_memory.o(i.rt_init_mem)
    i.rt_init_robin                          0x00003a8c   Section        0  rt_robin.o(i.rt_init_robin)
    i.rt_init_stack                          0x00003aa4   Section        0  hal_cm.o(i.rt_init_stack)
    i.rt_mbx_check                           0x00003b24   Section        0  rt_mailbox.o(i.rt_mbx_check)
    i.rt_mbx_init                            0x00003b2c   Section        0  rt_mailbox.o(i.rt_mbx_init)
    i.rt_mbx_psh                             0x00003b48   Section        0  rt_mailbox.o(i.rt_mbx_psh)
    i.rt_mbx_wait                            0x00003c38   Section        0  rt_mailbox.o(i.rt_mbx_wait)
    i.rt_ms2tick                             0x00003cec   Section        0  rt_cmsis.o(i.rt_ms2tick)
    rt_ms2tick                               0x00003ced   Thumb Code    58  rt_cmsis.o(i.rt_ms2tick)
    i.rt_mut_release                         0x00003d30   Section        0  rt_mutex.o(i.rt_mut_release)
    i.rt_mut_wait                            0x00003e08   Section        0  rt_mutex.o(i.rt_mut_wait)
    i.rt_pop_req                             0x00003e80   Section        0  rt_system.o(i.rt_pop_req)
    i.rt_psh_req                             0x00003efc   Section        0  rt_system.o(i.rt_psh_req)
    i.rt_psq_enq                             0x00003f1c   Section        0  rt_list.o(i.rt_psq_enq)
    i.rt_put_dly                             0x00003f78   Section        0  rt_list.o(i.rt_put_dly)
    i.rt_put_prio                            0x00003fc0   Section        0  rt_list.o(i.rt_put_prio)
    i.rt_put_rdy_first                       0x00003ff8   Section        0  rt_list.o(i.rt_put_rdy_first)
    i.rt_resort_prio                         0x0000400c   Section        0  rt_list.o(i.rt_resort_prio)
    i.rt_ret_val                             0x00004040   Section        0  hal_cm.o(i.rt_ret_val)
    i.rt_ret_val2                            0x00004046   Section        0  hal_cm.o(i.rt_ret_val2)
    i.rt_rmv_dly                             0x0000404e   Section        0  rt_list.o(i.rt_rmv_dly)
    i.rt_rmv_list                            0x00004078   Section        0  rt_list.o(i.rt_rmv_list)
    i.rt_sem_psh                             0x000040a8   Section        0  rt_semaphore.o(i.rt_sem_psh)
    i.rt_stk_check                           0x000040dc   Section        0  rt_system.o(i.rt_stk_check)
    i.rt_switch_req                          0x00004100   Section        0  rt_task.o(i.rt_switch_req)
    i.rt_sys_init                            0x00004128   Section        0  rt_task.o(i.rt_sys_init)
    i.rt_sys_start                           0x000041f4   Section        0  rt_task.o(i.rt_sys_start)
    i.rt_systick                             0x0000426c   Section        0  rt_system.o(i.rt_systick)
    i.rt_tid2ptcb                            0x000042ac   Section        0  rt_cmsis.o(i.rt_tid2ptcb)
    rt_tid2ptcb                              0x000042ad   Thumb Code    18  rt_cmsis.o(i.rt_tid2ptcb)
    i.rt_timer_insert                        0x000042c0   Section        0  rt_cmsis.o(i.rt_timer_insert)
    rt_timer_insert                          0x000042c1   Thumb Code    48  rt_cmsis.o(i.rt_timer_insert)
    i.rt_tsk_create                          0x000042f4   Section        0  rt_task.o(i.rt_tsk_create)
    i.rt_tsk_delete                          0x0000437c   Section        0  rt_task.o(i.rt_tsk_delete)
    i.rt_tsk_prio                            0x000044f8   Section        0  rt_task.o(i.rt_tsk_prio)
    i.rt_tsk_self                            0x00004574   Section        0  rt_task.o(i.rt_tsk_self)
    i.spi_tran                               0x00004584   Section        0  glcd_mcb1700.o(i.spi_tran)
    spi_tran                                 0x00004585   Thumb Code    40  glcd_mcb1700.o(i.spi_tran)
    i.spi_tran_man                           0x000045b0   Section        0  glcd_mcb1700.o(i.spi_tran_man)
    spi_tran_man                             0x000045b1   Thumb Code   132  glcd_mcb1700.o(i.spi_tran_man)
    i.svcKernelInitialize                    0x00004638   Section        0  rt_cmsis.o(i.svcKernelInitialize)
    i.svcKernelStart                         0x000046a8   Section        0  rt_cmsis.o(i.svcKernelStart)
    i.svcMessageCreate                       0x000046f0   Section        0  rt_cmsis.o(i.svcMessageCreate)
    i.svcMessageGet                          0x00004714   Section        0  rt_cmsis.o(i.svcMessageGet)
    i.svcThreadCreate                        0x00004750   Section        0  rt_cmsis.o(i.svcThreadCreate)
    i.svcThreadGetId                         0x000047bc   Section        0  rt_cmsis.o(i.svcThreadGetId)
    i.svcThreadTerminate                     0x000047d8   Section        0  rt_cmsis.o(i.svcThreadTerminate)
    i.svcTimerCall                           0x00004810   Section        0  rt_cmsis.o(i.svcTimerCall)
    i.sysTimerTick                           0x00004828   Section        0  rt_cmsis.o(i.sysTimerTick)
    i.wr_cmd                                 0x00004884   Section        0  glcd_mcb1700.o(i.wr_cmd)
    wr_cmd                                   0x00004885   Thumb Code    70  glcd_mcb1700.o(i.wr_cmd)
    i.wr_dat_only                            0x000048d0   Section        0  glcd_mcb1700.o(i.wr_dat_only)
    wr_dat_only                              0x000048d1   Thumb Code    46  glcd_mcb1700.o(i.wr_dat_only)
    i.wr_dat_start                           0x00004904   Section        0  glcd_mcb1700.o(i.wr_dat_start)
    wr_dat_start                             0x00004905   Thumb Code    20  glcd_mcb1700.o(i.wr_dat_start)
    i.wr_dat_stop                            0x0000491c   Section        0  glcd_mcb1700.o(i.wr_dat_stop)
    wr_dat_stop                              0x0000491d   Thumb Code    14  glcd_mcb1700.o(i.wr_dat_stop)
    i.wr_reg                                 0x00004930   Section        0  glcd_mcb1700.o(i.wr_reg)
    wr_reg                                   0x00004931   Thumb Code   140  glcd_mcb1700.o(i.wr_reg)
    .constdata                               0x000049c0   Section     6304  glcd_fonts.o(.constdata)
    Font_6x8_h                               0x000049c0   Data         896  glcd_fonts.o(.constdata)
    Font_16x24_h                             0x00004d40   Data        5376  glcd_fonts.o(.constdata)
    .constdata                               0x00006260   Section       16  led_mcb1700.o(.constdata)
    .constdata                               0x00006270   Section      104  rtx_conf_cm.o(.constdata)
    __tagsym$$used                           0x0000628c   Number         0  rtx_conf_cm.o(.constdata)
    __tagsym$$used                           0x00006290   Number         0  rtx_conf_cm.o(.constdata)
    __tagsym$$used                           0x00006294   Number         0  rtx_conf_cm.o(.constdata)
    __tagsym$$used                           0x00006298   Number         0  rtx_conf_cm.o(.constdata)
    .constdata                               0x000062d8   Section      100  i2c_lpc17xx.o(.constdata)
    DriverVersion                            0x000062d8   Data           4  i2c_lpc17xx.o(.constdata)
    DriverCapabilities                       0x000062dc   Data           4  i2c_lpc17xx.o(.constdata)
    I2C2_Resources                           0x000062e0   Data          44  i2c_lpc17xx.o(.constdata)
    .constdata                               0x0000633c   Section      124  ssp_lpc17xx.o(.constdata)
    DriverVersion                            0x0000633c   Data           4  ssp_lpc17xx.o(.constdata)
    DriverCapabilities                       0x00006340   Data           4  ssp_lpc17xx.o(.constdata)
    SSP1_Resources                           0x00006344   Data          72  ssp_lpc17xx.o(.constdata)
    .constdata                               0x000063b8   Section       17  __printf_flags_wp.o(.constdata)
    maptable                                 0x000063b8   Data          17  __printf_flags_wp.o(.constdata)
    .data                                    0x10000000   Section        3  prog_capteur.o(.data)
    .data                                    0x10000004   Section       17  glcd_mcb1700.o(.data)
    spi1_pins                                0x10000004   Data           8  glcd_mcb1700.o(.data)
    foreground_color                         0x1000000c   Data           2  glcd_mcb1700.o(.data)
    background_color                         0x1000000e   Data           2  glcd_mcb1700.o(.data)
    active_font                              0x10000010   Data           4  glcd_mcb1700.o(.data)
    Himax                                    0x10000014   Data           1  glcd_mcb1700.o(.data)
    .data                                    0x10000018   Section       20  rtx_conf_cm.o(.data)
    nr_mutex                                 0x10000028   Data           4  rtx_conf_cm.o(.data)
    .data                                    0x1000002c   Section        4  i2c_lpc17xx.o(.data)
    .data                                    0x10000030   Section       16  ssp_lpc17xx.o(.data)
    SSP1_pin_sck                             0x10000030   Data           2  ssp_lpc17xx.o(.data)
    SSP1_pin_miso                            0x10000032   Data           2  ssp_lpc17xx.o(.data)
    SSP1_pin_mosi                            0x10000034   Data           2  ssp_lpc17xx.o(.data)
    SSP1_pin_ssel                            0x10000036   Data           2  ssp_lpc17xx.o(.data)
    dummy_data                               0x10000038   Data           4  ssp_lpc17xx.o(.data)
    dummy_data                               0x1000003c   Data           4  ssp_lpc17xx.o(.data)
    .data                                    0x10000040   Section        8  gpdma_lpc17xx.o(.data)
    Channel_active                           0x10000040   Data           4  gpdma_lpc17xx.o(.data)
    Init_cnt                                 0x10000044   Data           4  gpdma_lpc17xx.o(.data)
    .data                                    0x10000048   Section        4  system_lpc17xx.o(.data)
    .data                                    0x1000004c   Section        8  rt_cmsis.o(.data)
    .data                                    0x10000054   Section        8  rt_task.o(.data)
    .data                                    0x1000005c   Section        8  rt_system.o(.data)
    os_lock                                  0x1000005c   Data           1  rt_system.o(.data)
    os_psh_flag                              0x1000005d   Data           1  rt_system.o(.data)
    pend_flags                               0x1000005e   Data           1  rt_system.o(.data)
    .data                                    0x10000064   Section        4  rt_time.o(.data)
    .data                                    0x10000068   Section        8  rt_robin.o(.data)
    .data                                    0x10000070   Section        1  hal_cm.o(.data)
    .bss                                     0x10000074   Section       30  prog_capteur.o(.bss)
    .bss                                     0x10000098   Section     4368  rtx_conf_cm.o(.bss)
    std_libspace                             0x10000e88   Data         672  rtx_conf_cm.o(.bss)
    std_libmutex                             0x10001128   Data         128  rtx_conf_cm.o(.bss)
    .bss                                     0x100011a8   Section    10868  emac_lpc17xx.o(.bss)
    Rx_Desc                                  0x100011a8   Data          32  emac_lpc17xx.o(.bss)
    Rx_Stat                                  0x100011c8   Data          32  emac_lpc17xx.o(.bss)
    Tx_Desc                                  0x100011e8   Data          24  emac_lpc17xx.o(.bss)
    Tx_Stat                                  0x10001200   Data          12  emac_lpc17xx.o(.bss)
    rx_buf                                   0x1000120c   Data        6144  emac_lpc17xx.o(.bss)
    tx_buf                                   0x10002a0c   Data        4608  emac_lpc17xx.o(.bss)
    emac_control                             0x10003c0c   Data          16  emac_lpc17xx.o(.bss)
    .bss                                     0x10003c1c   Section       36  i2c_lpc17xx.o(.bss)
    I2C2_Ctrl                                0x10003c1c   Data          36  i2c_lpc17xx.o(.bss)
    .bss                                     0x10003c40   Section       40  ssp_lpc17xx.o(.bss)
    SSP1_Info                                0x10003c40   Data          12  ssp_lpc17xx.o(.bss)
    SSP1_Xfer                                0x10003c4c   Data          28  ssp_lpc17xx.o(.bss)
    .bss                                     0x10003c68   Section      160  gpdma_lpc17xx.o(.bss)
    Channel_info                             0x10003c68   Data         160  gpdma_lpc17xx.o(.bss)
    .bss                                     0x10003d08   Section       52  rt_task.o(.bss)
    .bss                                     0x10003d3c   Section       48  rt_list.o(.bss)
    .bss                                     0x10003d6c   Section       96  libspace.o(.bss)
    HEAP                                     0x10003dd0   Section        0  startup_lpc17xx.o(HEAP)
    STACK                                    0x10003dd0   Section      512  startup_lpc17xx.o(STACK)
    Heap_Mem                                 0x10003dd0   Data           0  startup_lpc17xx.o(HEAP)
    Stack_Mem                                0x10003dd0   Data         512  startup_lpc17xx.o(STACK)
    __initial_sp                             0x10003fd0   Data           0  startup_lpc17xx.o(STACK)

    Global Symbols

    Symbol Name                              Value     Ov Type        Size  Object(Section)

    BuildAttributes$$THM_ISAv4$P$D$K$B$S$PE$A:L22UL41UL21$X:L11$S22US41US21$IEEE1$IW$~IW$USESV6$~STKCKD$USESV7$~SHL$OSPACE$ROPI$EBA8$UX$STANDARDLIB$REQ8$PRES8$EABIv2 0x00000000   Number         0  anon$$obj.o ABSOLUTE
    __ARM_use_no_argv                        0x00000000   Number         0  prog_capteur.o ABSOLUTE
    __Vectors                                0x00000000   Data           4  startup_lpc17xx.o(RESET)
    _printf_flags                            0x00000000   Number         0  printf_stubs.o ABSOLUTE
    _printf_return_value                     0x00000000   Number         0  printf_stubs.o ABSOLUTE
    _printf_sizespec                         0x00000000   Number         0  printf_stubs.o ABSOLUTE
    _printf_widthprec                        0x00000000   Number         0  printf_stubs.o ABSOLUTE
    __ARM_exceptions_init                     - Undefined Weak Reference
    __alloca_initialize                       - Undefined Weak Reference
    __arm_preinit_                            - Undefined Weak Reference
    __cpp_initialize__aeabi_                  - Undefined Weak Reference
    __cxa_finalize                            - Undefined Weak Reference
    __sigvec_lookup                           - Undefined Weak Reference
    _atexit_init                              - Undefined Weak Reference
    _call_atexit_fns                          - Undefined Weak Reference
    _clock_init                               - Undefined Weak Reference
    _fp_trap_init                             - Undefined Weak Reference
    _fp_trap_shutdown                         - Undefined Weak Reference
    _get_lc_collate                           - Undefined Weak Reference
    _get_lc_monetary                          - Undefined Weak Reference
    _get_lc_numeric                           - Undefined Weak Reference
    _get_lc_time                              - Undefined Weak Reference
    _getenv_init                              - Undefined Weak Reference
    _handle_redirection                       - Undefined Weak Reference
    _init_alloc                               - Undefined Weak Reference
    _init_user_alloc                          - Undefined Weak Reference
    _initio                                   - Undefined Weak Reference
    _printf_truncate_signed                   - Undefined Weak Reference
    _printf_truncate_unsigned                 - Undefined Weak Reference
    _rand_init                                - Undefined Weak Reference
    _scanf_longlong                           - Undefined Weak Reference
    _scanf_mbtowc                             - Undefined Weak Reference
    _scanf_real                               - Undefined Weak Reference
    _scanf_string                             - Undefined Weak Reference
    _scanf_wctomb                             - Undefined Weak Reference
    _scanf_wstring                            - Undefined Weak Reference
    _signal_finish                            - Undefined Weak Reference
    _signal_init                              - Undefined Weak Reference
    _terminate_alloc                          - Undefined Weak Reference
    _terminate_user_alloc                     - Undefined Weak Reference
    _terminateio                              - Undefined Weak Reference
    __main                                   0x000000cd   Thumb Code     8  __main.o(!!!main)
    __scatterload                            0x000000d5   Thumb Code     0  __scatter.o(!!!scatter)
    __scatterload_rt2                        0x000000d5   Thumb Code    44  __scatter.o(!!!scatter)
    __scatterload_rt2_thumb_only             0x000000d5   Thumb Code     0  __scatter.o(!!!scatter)
    __scatterload_null                       0x000000e3   Thumb Code     0  __scatter.o(!!!scatter)
    __scatterload_copy                       0x00000109   Thumb Code    26  __scatter_copy.o(!!handler_copy)
    __scatterload_zeroinit                   0x00000125   Thumb Code    28  __scatter_zi.o(!!handler_zi)
    _printf_d                                0x00000141   Thumb Code     0  _printf_d.o(.ARM.Collect$$_printf_percent$$00000009)
    _printf_percent                          0x00000141   Thumb Code     0  _printf_percent.o(.ARM.Collect$$_printf_percent$$00000000)
    _printf_percent_end                      0x00000147   Thumb Code     0  _printf_percent_end.o(.ARM.Collect$$_printf_percent$$00000017)
    __rt_lib_init                            0x0000014b   Thumb Code     0  libinit.o(.ARM.Collect$$libinit$$00000000)
    __rt_lib_init_alloca_1                   0x0000014d   Thumb Code     0  libinit2.o(.ARM.Collect$$libinit$$0000002E)
    __rt_lib_init_argv_1                     0x0000014d   Thumb Code     0  libinit2.o(.ARM.Collect$$libinit$$0000002C)
    __rt_lib_init_atexit_1                   0x0000014d   Thumb Code     0  libinit2.o(.ARM.Collect$$libinit$$0000001B)
    __rt_lib_init_clock_1                    0x0000014d   Thumb Code     0  libinit2.o(.ARM.Collect$$libinit$$00000021)
    __rt_lib_init_cpp_1                      0x0000014d   Thumb Code     0  libinit2.o(.ARM.Collect$$libinit$$00000032)
    __rt_lib_init_exceptions_1               0x0000014d   Thumb Code     0  libinit2.o(.ARM.Collect$$libinit$$00000030)
    __rt_lib_init_fp_1                       0x0000014d   Thumb Code     0  libinit2.o(.ARM.Collect$$libinit$$00000002)
    __rt_lib_init_fp_trap_1                  0x0000014d   Thumb Code     0  libinit2.o(.ARM.Collect$$libinit$$0000001F)
    __rt_lib_init_getenv_1                   0x0000014d   Thumb Code     0  libinit2.o(.ARM.Collect$$libinit$$00000023)
    __rt_lib_init_heap_1                     0x0000014d   Thumb Code     0  libinit2.o(.ARM.Collect$$libinit$$0000000A)
    __rt_lib_init_lc_collate_1               0x0000014d   Thumb Code     0  libinit2.o(.ARM.Collect$$libinit$$00000011)
    __rt_lib_init_lc_ctype_1                 0x0000014d   Thumb Code     0  libinit2.o(.ARM.Collect$$libinit$$00000013)
    __rt_lib_init_lc_monetary_1              0x0000014d   Thumb Code     0  libinit2.o(.ARM.Collect$$libinit$$00000015)
    __rt_lib_init_lc_numeric_1               0x0000014d   Thumb Code     0  libinit2.o(.ARM.Collect$$libinit$$00000017)
    __rt_lib_init_lc_time_1                  0x0000014d   Thumb Code     0  libinit2.o(.ARM.Collect$$libinit$$00000019)
    __rt_lib_init_preinit_1                  0x0000014d   Thumb Code     0  libinit2.o(.ARM.Collect$$libinit$$00000004)
    __rt_lib_init_rand_1                     0x0000014d   Thumb Code     0  libinit2.o(.ARM.Collect$$libinit$$0000000E)
    __rt_lib_init_return                     0x0000014d   Thumb Code     0  libinit2.o(.ARM.Collect$$libinit$$00000033)
    __rt_lib_init_signal_1                   0x0000014d   Thumb Code     0  libinit2.o(.ARM.Collect$$libinit$$0000001D)
    __rt_lib_init_stdio_1                    0x0000014d   Thumb Code     0  libinit2.o(.ARM.Collect$$libinit$$00000025)
    __rt_lib_init_user_alloc_1               0x0000014d   Thumb Code     0  libinit2.o(.ARM.Collect$$libinit$$0000000C)
    __rt_lib_shutdown                        0x0000014f   Thumb Code     0  libshutdown.o(.ARM.Collect$$libshutdown$$00000000)
    __rt_lib_shutdown_cpp_1                  0x00000151   Thumb Code     0  libshutdown2.o(.ARM.Collect$$libshutdown$$00000002)
    __rt_lib_shutdown_fp_trap_1              0x00000151   Thumb Code     0  libshutdown2.o(.ARM.Collect$$libshutdown$$00000007)
    __rt_lib_shutdown_heap_1                 0x00000151   Thumb Code     0  libshutdown2.o(.ARM.Collect$$libshutdown$$0000000F)
    __rt_lib_shutdown_return                 0x00000151   Thumb Code     0  libshutdown2.o(.ARM.Collect$$libshutdown$$00000010)
    __rt_lib_shutdown_signal_1               0x00000151   Thumb Code     0  libshutdown2.o(.ARM.Collect$$libshutdown$$0000000A)
    __rt_lib_shutdown_stdio_1                0x00000151   Thumb Code     0  libshutdown2.o(.ARM.Collect$$libshutdown$$00000004)
    __rt_lib_shutdown_user_alloc_1           0x00000151   Thumb Code     0  libshutdown2.o(.ARM.Collect$$libshutdown$$0000000C)
    __rt_entry                               0x00000153   Thumb Code     0  __rtentry.o(.ARM.Collect$$rtentry$$00000000)
    __rt_entry_presh_1                       0x00000153   Thumb Code     0  __rtentry2.o(.ARM.Collect$$rtentry$$00000002)
    __rt_entry_sh                            0x00000153   Thumb Code     0  __rtentry4.o(.ARM.Collect$$rtentry$$00000004)
    __rt_entry_li                            0x00000159   Thumb Code     0  __rtentry2.o(.ARM.Collect$$rtentry$$0000000A)
    __rt_entry_postsh_1                      0x00000159   Thumb Code     0  __rtentry2.o(.ARM.Collect$$rtentry$$00000009)
    __rt_entry_postli_1                      0x0000015d   Thumb Code     0  __rtentry2.o(.ARM.Collect$$rtentry$$0000000B)
    __rt_entry_main                          0x00000165   Thumb Code     0  __rtentry2.o(.ARM.Collect$$rtentry$$0000000D)
    __rt_exit                                0x0000016d   Thumb Code     0  rtexit.o(.ARM.Collect$$rtexit$$00000000)
    __rt_exit_ls                             0x0000016f   Thumb Code     0  rtexit2.o(.ARM.Collect$$rtexit$$00000003)
    __rt_exit_prels_1                        0x0000016f   Thumb Code     0  rtexit2.o(.ARM.Collect$$rtexit$$00000002)
    __rt_exit_exit                           0x00000173   Thumb Code     0  rtexit2.o(.ARM.Collect$$rtexit$$00000004)
    _platform_post_lib_init                  0x00000179   Thumb Code    24  rtx_conf_cm.o(.emb_text)
    rt_set_PSP                               0x00000195   Thumb Code     6  hal_cm3.o(.emb_text)
    rt_get_PSP                               0x0000019b   Thumb Code     6  hal_cm3.o(.emb_text)
    os_set_env                               0x000001a1   Thumb Code    24  hal_cm3.o(.emb_text)
    _alloc_box                               0x000001bd   Thumb Code    28  hal_cm3.o(.emb_text)
    _free_box                                0x000001dd   Thumb Code    28  hal_cm3.o(.emb_text)
    SVC_Handler                              0x000001fd   Thumb Code   108  hal_cm3.o(.emb_text)
    PendSV_Handler                           0x00000275   Thumb Code    56  hal_cm3.o(.emb_text)
    SysTick_Handler                          0x000002b1   Thumb Code     8  hal_cm3.o(.emb_text)
    OS_Tick_Handler                          0x000002b9   Thumb Code    12  hal_cm3.o(.emb_text)
    __user_libspace                          0x000002c5   Thumb Code     8  libspace.o(.text)
    __user_perproc_libspace                  0x000002c5   Thumb Code     0  libspace.o(.text)
    __2sprintf                               0x000002cd   Thumb Code    38  __2sprintf.o(.text)
    __I$use$semihosting                      0x000002f9   Thumb Code     0  use_no_semi.o(.text)
    __use_no_semihosting_swi                 0x000002f9   Thumb Code     2  use_no_semi.o(.text)
    __semihosting_library_function           0x000002fb   Thumb Code     0  indicate_semi.o(.text)
    os_tick_irqack                           0x000002fb   Thumb Code     2  rt_system.o(i.os_tick_irqack)
    Reset_Handler                            0x00000301   Thumb Code     8  startup_lpc17xx.o(.text)
    NMI_Handler                              0x00000309   Thumb Code     2  startup_lpc17xx.o(.text)
    HardFault_Handler                        0x0000030b   Thumb Code     2  startup_lpc17xx.o(.text)
    MemManage_Handler                        0x0000030d   Thumb Code     2  startup_lpc17xx.o(.text)
    BusFault_Handler                         0x0000030f   Thumb Code     2  startup_lpc17xx.o(.text)
    UsageFault_Handler                       0x00000311   Thumb Code     2  startup_lpc17xx.o(.text)
    DebugMon_Handler                         0x00000315   Thumb Code     2  startup_lpc17xx.o(.text)
    ADC_IRQHandler                           0x0000031b   Thumb Code     0  startup_lpc17xx.o(.text)
    BOD_IRQHandler                           0x0000031b   Thumb Code     0  startup_lpc17xx.o(.text)
    CANActivity_IRQHandler                   0x0000031b   Thumb Code     0  startup_lpc17xx.o(.text)
    CAN_IRQHandler                           0x0000031b   Thumb Code     0  startup_lpc17xx.o(.text)
    EINT0_IRQHandler                         0x0000031b   Thumb Code     0  startup_lpc17xx.o(.text)
    EINT1_IRQHandler                         0x0000031b   Thumb Code     0  startup_lpc17xx.o(.text)
    EINT2_IRQHandler                         0x0000031b   Thumb Code     0  startup_lpc17xx.o(.text)
    EINT3_IRQHandler                         0x0000031b   Thumb Code     0  startup_lpc17xx.o(.text)
    I2C0_IRQHandler                          0x0000031b   Thumb Code     0  startup_lpc17xx.o(.text)
    I2C1_IRQHandler                          0x0000031b   Thumb Code     0  startup_lpc17xx.o(.text)
    I2S_IRQHandler                           0x0000031b   Thumb Code     0  startup_lpc17xx.o(.text)
    MCPWM_IRQHandler                         0x0000031b   Thumb Code     0  startup_lpc17xx.o(.text)
    PLL0_IRQHandler                          0x0000031b   Thumb Code     0  startup_lpc17xx.o(.text)
    PLL1_IRQHandler                          0x0000031b   Thumb Code     0  startup_lpc17xx.o(.text)
    PWM1_IRQHandler                          0x0000031b   Thumb Code     0  startup_lpc17xx.o(.text)
    QEI_IRQHandler                           0x0000031b   Thumb Code     0  startup_lpc17xx.o(.text)
    RIT_IRQHandler                           0x0000031b   Thumb Code     0  startup_lpc17xx.o(.text)
    RTC_IRQHandler                           0x0000031b   Thumb Code     0  startup_lpc17xx.o(.text)
    SPI_IRQHandler                           0x0000031b   Thumb Code     0  startup_lpc17xx.o(.text)
    SSP0_IRQHandler                          0x0000031b   Thumb Code     0  startup_lpc17xx.o(.text)
    TIMER1_IRQHandler                        0x0000031b   Thumb Code     0  startup_lpc17xx.o(.text)
    TIMER2_IRQHandler                        0x0000031b   Thumb Code     0  startup_lpc17xx.o(.text)
    TIMER3_IRQHandler                        0x0000031b   Thumb Code     0  startup_lpc17xx.o(.text)
    UART0_IRQHandler                         0x0000031b   Thumb Code     0  startup_lpc17xx.o(.text)
    UART1_IRQHandler                         0x0000031b   Thumb Code     0  startup_lpc17xx.o(.text)
    UART2_IRQHandler                         0x0000031b   Thumb Code     0  startup_lpc17xx.o(.text)
    UART3_IRQHandler                         0x0000031b   Thumb Code     0  startup_lpc17xx.o(.text)
    USBActivity_IRQHandler                   0x0000031b   Thumb Code     0  startup_lpc17xx.o(.text)
    USB_IRQHandler                           0x0000031b   Thumb Code     0  startup_lpc17xx.o(.text)
    WDT_IRQHandler                           0x0000031b   Thumb Code     0  startup_lpc17xx.o(.text)
    __user_initial_stackheap                 0x0000031d   Thumb Code     0  startup_lpc17xx.o(.text)
    _printf_int_dec                          0x0000033d   Thumb Code   104  _printf_dec.o(.text)
    __printf                                 0x000003b5   Thumb Code   308  __printf_flags_wp.o(.text)
    __RL_RTX_VER                             0x00000482   Number         0  rt_system.o ABSOLUTE
    exit                                     0x000004ed   Thumb Code    18  exit.o(.text)
    __aeabi_memclr4                          0x000004ff   Thumb Code     0  rt_memclr_w.o(.text)
    __aeabi_memclr8                          0x000004ff   Thumb Code     0  rt_memclr_w.o(.text)
    __rt_memclr_w                            0x000004ff   Thumb Code    78  rt_memclr_w.o(.text)
    _memset_w                                0x00000503   Thumb Code     0  rt_memclr_w.o(.text)
    __use_two_region_memory                  0x0000054d   Thumb Code     2  heapauxi.o(.text)
    __rt_heap_escrow$2region                 0x0000054f   Thumb Code     2  heapauxi.o(.text)
    __rt_heap_expand$2region                 0x00000551   Thumb Code     2  heapauxi.o(.text)
    _printf_int_common                       0x00000553   Thumb Code   178  _printf_intcommon.o(.text)
    _printf_char_common                      0x0000060f   Thumb Code    32  _printf_char_common.o(.text)
    _sputc                                   0x00000635   Thumb Code    10  _sputc.o(.text)
    _sys_exit                                0x00000641   Thumb Code     8  sys_exit.o(.text)
    __user_setup_stackheap                   0x0000064d   Thumb Code    74  sys_stackheap_outer.o(.text)
    SVC_Count                                0x00000698   Data           4  svc_table.o(SVC_TABLE)
    SVC_Table                                0x0000069c   Data           0  svc_table.o(SVC_TABLE)
    DMA_IRQHandler                           0x000006bd   Thumb Code   372  gpdma_lpc17xx.o(i.DMA_IRQHandler)
    ENET_IRQHandler                          0x0000083d   Thumb Code    62  emac_lpc17xx.o(i.ENET_IRQHandler)
    GLCD_ClearScreen                         0x00000885   Thumb Code    44  glcd_mcb1700.o(i.GLCD_ClearScreen)
    GLCD_DrawChar                            0x000008b5   Thumb Code   194  glcd_mcb1700.o(i.GLCD_DrawChar)
    GLCD_DrawString                          0x00000985   Thumb Code    38  glcd_mcb1700.o(i.GLCD_DrawString)
    GLCD_Initialize                          0x000009b1   Thumb Code  1462  glcd_mcb1700.o(i.GLCD_Initialize)
    GLCD_SetFont                             0x00000f69   Thumb Code    10  glcd_mcb1700.o(i.GLCD_SetFont)
    GLCD_SetForegroundColor                  0x00000f79   Thumb Code    10  glcd_mcb1700.o(i.GLCD_SetForegroundColor)
    GLCD_SetWindow                           0x00000f89   Thumb Code   168  glcd_mcb1700.o(i.GLCD_SetWindow)
    GLCD_WindowMax                           0x00001035   Thumb Code    18  glcd_mcb1700.o(i.GLCD_WindowMax)
    GPDMA_ChannelConfigure                   0x00001049   Thumb Code   232  gpdma_lpc17xx.o(i.GPDMA_ChannelConfigure)
    GPDMA_ChannelDisable                     0x0000113d   Thumb Code    44  gpdma_lpc17xx.o(i.GPDMA_ChannelDisable)
    GPDMA_ChannelGetCount                    0x0000116d   Thumb Code    38  gpdma_lpc17xx.o(i.GPDMA_ChannelGetCount)
    GPDMA_Initialize                         0x0000119d   Thumb Code   146  gpdma_lpc17xx.o(i.GPDMA_Initialize)
    GPDMA_PeripheralSelect                   0x00001245   Thumb Code    62  gpdma_lpc17xx.o(i.GPDMA_PeripheralSelect)
    GPDMA_Uninitialize                       0x00001289   Thumb Code   116  gpdma_lpc17xx.o(i.GPDMA_Uninitialize)
    GPIO_PinRead                             0x00001309   Thumb Code    28  gpio_lpc17xx.o(i.GPIO_PinRead)
    GPIO_PinWrite                            0x00001329   Thumb Code    36  gpio_lpc17xx.o(i.GPIO_PinWrite)
    GPIO_PortClock                           0x00001351   Thumb Code    38  gpio_lpc17xx.o(i.GPIO_PortClock)
    GPIO_SetDir                              0x0000137d   Thumb Code    52  gpio_lpc17xx.o(i.GPIO_SetDir)
    I2C2_IRQHandler                          0x00001471   Thumb Code    10  i2c_lpc17xx.o(i.I2C2_IRQHandler)
    Init_I2C                                 0x00001ef5   Thumb Code    40  prog_capteur.o(i.Init_I2C)
    LED_Initialize                           0x00001f21   Thumb Code    88  led_mcb1700.o(i.LED_Initialize)
    LED_Off                                  0x00001f7d   Thumb Code    40  led_mcb1700.o(i.LED_Off)
    LED_On                                   0x00001fa9   Thumb Code    40  led_mcb1700.o(i.LED_On)
    PIN_Configure                            0x00001fd5   Thumb Code   246  pin_lpc17xx.o(i.PIN_Configure)
    PIN_ConfigureI2C0Pins                    0x000020d1   Thumb Code    28  pin_lpc17xx.o(i.PIN_ConfigureI2C0Pins)
    SSP1_GPDMA_Rx_SignalEvent                0x00002109   Thumb Code    14  ssp_lpc17xx.o(i.SSP1_GPDMA_Rx_SignalEvent)
    SSP1_GPDMA_Tx_SignalEvent                0x0000211d   Thumb Code    14  ssp_lpc17xx.o(i.SSP1_GPDMA_Tx_SignalEvent)
    SSP1_IRQHandler                          0x00002151   Thumb Code    10  ssp_lpc17xx.o(i.SSP1_IRQHandler)
    SSPx_GPDMA_Rx_SignalEvent                0x0000271f   Thumb Code    54  ssp_lpc17xx.o(i.SSPx_GPDMA_Rx_SignalEvent)
    SSPx_GPDMA_Tx_SignalEvent                0x00002755   Thumb Code    28  ssp_lpc17xx.o(i.SSPx_GPDMA_Tx_SignalEvent)
    SystemInit                               0x00003005   Thumb Code   302  system_lpc17xx.o(i.SystemInit)
    TIMER0_IRQHandler                        0x00003145   Thumb Code    78  prog_capteur.o(i.TIMER0_IRQHandler)
    Timer_Init                               0x000031a9   Thumb Code    38  prog_capteur.o(i.Timer_Init)
    _init_box                                0x0000327f   Thumb Code    70  rt_membox.o(i._init_box)
    _is_digit                                0x000032c5   Thumb Code    14  __printf_wp.o(i._is_digit)
    _mutex_acquire                           0x000032d5   Thumb Code    22  rtx_conf_cm.o(i._mutex_acquire)
    _mutex_release                           0x000032f5   Thumb Code    18  rtx_conf_cm.o(i._mutex_release)
    dbg_init                                 0x00003311   Thumb Code    34  hal_cm.o(i.dbg_init)
    dbg_task_notify                          0x00003341   Thumb Code    32  hal_cm.o(i.dbg_task_notify)
    dbg_task_switch                          0x00003361   Thumb Code    16  hal_cm.o(i.dbg_task_switch)
    isrMessageGet                            0x0000339d   Thumb Code    42  rt_cmsis.o(i.isrMessageGet)
    isrMessagePut                            0x000033c7   Thumb Code    44  rt_cmsis.o(i.isrMessagePut)
    isr_mbx_receive                          0x000033f5   Thumb Code    86  rt_mailbox.o(i.isr_mbx_receive)
    isr_mbx_send                             0x0000344b   Thumb Code    14  rt_mailbox.o(i.isr_mbx_send)
    main                                     0x00003459   Thumb Code   102  prog_capteur.o(i.main)
    osKernelInitialize                       0x000034d5   Thumb Code    30  rt_cmsis.o(i.osKernelInitialize)
    osKernelStart                            0x000034f9   Thumb Code    98  rt_cmsis.o(i.osKernelStart)
    osMessageGet                             0x00003565   Thumb Code    18  rt_cmsis.o(i.osMessageGet)
    osThreadCreate                           0x0000357d   Thumb Code    36  rt_cmsis.o(i.osThreadCreate)
    osThreadExit                             0x000035a9   Thumb Code    14  rt_cmsis.o(i.osThreadExit)
    osTimerCall                              0x000035c1   Thumb Code     8  rt_cmsis.o(i.osTimerCall)
    osTimerThread                            0x000035cd   Thumb Code    38  rt_cmsis.o(i.osTimerThread)
    os_error                                 0x000035f9   Thumb Code    34  rtx_conf_cm.o(i.os_error)
    os_idle_demon                            0x0000361b   Thumb Code     4  rtx_conf_cm.o(i.os_idle_demon)
    os_tick_init                             0x00003621   Thumb Code    32  rt_system.o(i.os_tick_init)
    read1byte                                0x00003765   Thumb Code    94  prog_capteur.o(i.read1byte)
    rt_alloc_box                             0x000037c9   Thumb Code    26  rt_membox.o(i.rt_alloc_box)
    rt_alloc_mem                             0x000037e3   Thumb Code    62  rt_memory.o(i.rt_alloc_mem)
    rt_block                                 0x00003821   Thumb Code    48  rt_task.o(i.rt_block)
    rt_chk_robin                             0x00003859   Thumb Code    60  rt_robin.o(i.rt_chk_robin)
    rt_dec_dly                               0x000038a1   Thumb Code   102  rt_list.o(i.rt_dec_dly)
    rt_dispatch                              0x00003911   Thumb Code    60  rt_task.o(i.rt_dispatch)
    rt_evt_psh                               0x00003955   Thumb Code    76  rt_event.o(i.rt_evt_psh)
    rt_free_box                              0x000039a5   Thumb Code    44  rt_membox.o(i.rt_free_box)
    rt_free_mem                              0x000039d1   Thumb Code    40  rt_memory.o(i.rt_free_mem)
    rt_get_first                             0x000039f9   Thumb Code    40  rt_list.o(i.rt_get_first)
    rt_init_mem                              0x00003a71   Thumb Code    26  rt_memory.o(i.rt_init_mem)
    rt_init_robin                            0x00003a8d   Thumb Code    14  rt_robin.o(i.rt_init_robin)
    rt_init_stack                            0x00003aa5   Thumb Code   118  hal_cm.o(i.rt_init_stack)
    rt_mbx_check                             0x00003b25   Thumb Code     8  rt_mailbox.o(i.rt_mbx_check)
    rt_mbx_init                              0x00003b2d   Thumb Code    26  rt_mailbox.o(i.rt_mbx_init)
    rt_mbx_psh                               0x00003b49   Thumb Code   236  rt_mailbox.o(i.rt_mbx_psh)
    rt_mbx_wait                              0x00003c39   Thumb Code   174  rt_mailbox.o(i.rt_mbx_wait)
    rt_mut_release                           0x00003d31   Thumb Code   208  rt_mutex.o(i.rt_mut_release)
    rt_mut_wait                              0x00003e09   Thumb Code   114  rt_mutex.o(i.rt_mut_wait)
    rt_pop_req                               0x00003e81   Thumb Code   112  rt_system.o(i.rt_pop_req)
    rt_psh_req                               0x00003efd   Thumb Code    22  rt_system.o(i.rt_psh_req)
    rt_psq_enq                               0x00003f1d   Thumb Code    88  rt_list.o(i.rt_psq_enq)
    rt_put_dly                               0x00003f79   Thumb Code    68  rt_list.o(i.rt_put_dly)
    rt_put_prio                              0x00003fc1   Thumb Code    54  rt_list.o(i.rt_put_prio)
    rt_put_rdy_first                         0x00003ff9   Thumb Code    14  rt_list.o(i.rt_put_rdy_first)
    rt_resort_prio                           0x0000400d   Thumb Code    46  rt_list.o(i.rt_resort_prio)
    rt_ret_val                               0x00004041   Thumb Code     6  hal_cm.o(i.rt_ret_val)
    rt_ret_val2                              0x00004047   Thumb Code     8  hal_cm.o(i.rt_ret_val2)
    rt_rmv_dly                               0x0000404f   Thumb Code    40  rt_list.o(i.rt_rmv_dly)
    rt_rmv_list                              0x00004079   Thumb Code    44  rt_list.o(i.rt_rmv_list)
    rt_sem_psh                               0x000040a9   Thumb Code    48  rt_semaphore.o(i.rt_sem_psh)
    rt_stk_check                             0x000040dd   Thumb Code    28  rt_system.o(i.rt_stk_check)
    rt_switch_req                            0x00004101   Thumb Code    30  rt_task.o(i.rt_switch_req)
    rt_sys_init                              0x00004129   Thumb Code   138  rt_task.o(i.rt_sys_init)
    rt_sys_start                             0x000041f5   Thumb Code   110  rt_task.o(i.rt_sys_start)
    rt_systick                               0x0000426d   Thumb Code    50  rt_system.o(i.rt_systick)
    rt_tsk_create                            0x000042f5   Thumb Code   118  rt_task.o(i.rt_tsk_create)
    rt_tsk_delete                            0x0000437d   Thumb Code   352  rt_task.o(i.rt_tsk_delete)
    rt_tsk_prio                              0x000044f9   Thumb Code   108  rt_task.o(i.rt_tsk_prio)
    rt_tsk_self                              0x00004575   Thumb Code    12  rt_task.o(i.rt_tsk_self)
    svcKernelInitialize                      0x00004639   Thumb Code    80  rt_cmsis.o(i.svcKernelInitialize)
    svcKernelStart                           0x000046a9   Thumb Code    62  rt_cmsis.o(i.svcKernelStart)
    svcMessageCreate                         0x000046f1   Thumb Code    36  rt_cmsis.o(i.svcMessageCreate)
    svcMessageGet                            0x00004715   Thumb Code    58  rt_cmsis.o(i.svcMessageGet)
    svcThreadCreate                          0x00004751   Thumb Code    96  rt_cmsis.o(i.svcThreadCreate)
    svcThreadGetId                           0x000047bd   Thumb Code    22  rt_cmsis.o(i.svcThreadGetId)
    svcThreadTerminate                       0x000047d9   Thumb Code    50  rt_cmsis.o(i.svcThreadTerminate)
    svcTimerCall                             0x00004811   Thumb Code    24  rt_cmsis.o(i.svcTimerCall)
    sysTimerTick                             0x00004829   Thumb Code    84  rt_cmsis.o(i.sysTimerTick)
    GLCD_Font_6x8                            0x00006240   Data          16  glcd_fonts.o(.constdata)
    GLCD_Font_16x24                          0x00006250   Data          16  glcd_fonts.o(.constdata)
    LED_PIN                                  0x00006260   Data          16  led_mcb1700.o(.constdata)
    os_maxtaskrun                            0x00006270   Data           2  rtx_conf_cm.o(.constdata)
    os_stackinfo                             0x00006274   Data           4  rtx_conf_cm.o(.constdata)
    os_rrobin                                0x00006278   Data           4  rtx_conf_cm.o(.constdata)
    os_tickfreq                              0x0000627c   Data           4  rtx_conf_cm.o(.constdata)
    os_tickus_i                              0x00006280   Data           2  rtx_conf_cm.o(.constdata)
    os_tickus_f                              0x00006282   Data           2  rtx_conf_cm.o(.constdata)
    os_trv                                   0x00006284   Data           4  rtx_conf_cm.o(.constdata)
    os_flags                                 0x00006288   Data           1  rtx_conf_cm.o(.constdata)
    CMSIS_RTOS_API_Version                   0x0000628c   Data           4  rtx_conf_cm.o(.constdata)
    CMSIS_RTOS_RTX_Version                   0x00006290   Data           4  rtx_conf_cm.o(.constdata)
    os_clockrate                             0x00006294   Data           4  rtx_conf_cm.o(.constdata)
    os_timernum                              0x00006298   Data           4  rtx_conf_cm.o(.constdata)
    mp_tcb_size                              0x0000629c   Data           2  rtx_conf_cm.o(.constdata)
    mp_stk_size                              0x000062a0   Data           4  rtx_conf_cm.o(.constdata)
    os_stack_sz                              0x000062a4   Data           4  rtx_conf_cm.o(.constdata)
    os_fifo_size                             0x000062a8   Data           1  rtx_conf_cm.o(.constdata)
    os_thread_def_osTimerThread              0x000062ac   Data          16  rtx_conf_cm.o(.constdata)
    os_messageQ_def_osTimerMessageQ          0x000062bc   Data           8  rtx_conf_cm.o(.constdata)
    mp_tmr_size                              0x000062c4   Data           2  rtx_conf_cm.o(.constdata)
    os_thread_def_main                       0x000062c8   Data          16  rtx_conf_cm.o(.constdata)
    Driver_I2C2                              0x0000630c   Data          48  i2c_lpc17xx.o(.constdata)
    Driver_SPI1                              0x0000638c   Data          44  ssp_lpc17xx.o(.constdata)
    Region$$Table$$Base                      0x000063cc   Number         0  anon$$obj.o(Region$$Table)
    Region$$Table$$Limit                     0x000063ec   Number         0  anon$$obj.o(Region$$Table)
    __MW_NET_VER                             0x07030000   Number         0  net_version.o ABSOLUTE
    DeviceAddr                               0x10000000   Data           1  prog_capteur.o(.data)
    presence                                 0x10000001   Data           2  prog_capteur.o(.data)
    osThreadId_osTimerThread                 0x10000018   Data           4  rtx_conf_cm.o(.data)
    osMessageQId_osTimerMessageQ             0x1000001c   Data           4  rtx_conf_cm.o(.data)
    os_tmr                                   0x10000020   Data           4  rtx_conf_cm.o(.data)
    m_tmr                                    0x10000024   Data           4  rtx_conf_cm.o(.data)
    I2C2_PIN                                 0x1000002c   Data           4  i2c_lpc17xx.o(.data)
    SystemCoreClock                          0x10000048   Data           4  system_lpc17xx.o(.data)
    os_initialized                           0x1000004c   Data           1  rt_cmsis.o(.data)
    os_running                               0x1000004d   Data           1  rt_cmsis.o(.data)
    os_timer_head                            0x10000050   Data           4  rt_cmsis.o(.data)
    os_tsk                                   0x10000054   Data           8  rt_task.o(.data)
    os_tick_irqn                             0x10000060   Data           4  rt_system.o(.data)
    os_time                                  0x10000064   Data           4  rt_time.o(.data)
    os_robin                                 0x10000068   Data           8  rt_robin.o(.data)
    dbg_msg                                  0x10000070   Data           1  hal_cm.o(.data)
    tab3                                     0x10000074   Data          30  prog_capteur.o(.bss)
    mp_tcb                                   0x10000098   Data         376  rtx_conf_cm.o(.bss)
    mp_stk                                   0x10000210   Data         816  rtx_conf_cm.o(.bss)
    os_stack_mem                             0x10000540   Data        2184  rtx_conf_cm.o(.bss)
    os_fifo                                  0x10000dc8   Data         132  rtx_conf_cm.o(.bss)
    os_active_TCB                            0x10000e4c   Data          28  rtx_conf_cm.o(.bss)
    os_messageQ_q_osTimerMessageQ            0x10000e68   Data          32  rtx_conf_cm.o(.bss)
    os_idle_TCB                              0x10003d08   Data          52  rt_task.o(.bss)
    os_rdy                                   0x10003d3c   Data          24  rt_list.o(.bss)
    os_dly                                   0x10003d54   Data          24  rt_list.o(.bss)
    __libspace_start                         0x10003d6c   Data          96  libspace.o(.bss)
    __temporary_stack_top$libspace           0x10003dcc   Data           0  libspace.o(.bss)



==============================================================================

Memory Map of the image

  Image Entry point : 0x000000cd

  Load Region LR_IROM1 (Base: 0x00000000, Size: 0x00006460, Max: 0x00080000, ABSOLUTE)

    Execution Region ER_IROM1 (Base: 0x00000000, Size: 0x000063ec, Max: 0x00080000, ABSOLUTE)

    Base Addr    Size         Type   Attr      Idx    E Section Name        Object

    0x00000000   0x000000cc   Data   RO         1208    RESET               startup_lpc17xx.o
    0x000000cc   0x00000008   Code   RO         3131  * !!!main             c_w.l(__main.o)
    0x000000d4   0x00000034   Code   RO         3326    !!!scatter          c_w.l(__scatter.o)
    0x00000108   0x0000001a   Code   RO         3328    !!handler_copy      c_w.l(__scatter_copy.o)
    0x00000122   0x00000002   PAD
    0x00000124   0x0000001c   Code   RO         3330    !!handler_zi        c_w.l(__scatter_zi.o)
    0x00000140   0x00000000   Code   RO         3112    .ARM.Collect$$_printf_percent$$00000000  c_w.l(_printf_percent.o)
    0x00000140   0x00000006   Code   RO         3111    .ARM.Collect$$_printf_percent$$00000009  c_w.l(_printf_d.o)
    0x00000146   0x00000004   Code   RO         3146    .ARM.Collect$$_printf_percent$$00000017  c_w.l(_printf_percent_end.o)
    0x0000014a   0x00000002   Code   RO         3201    .ARM.Collect$$libinit$$00000000  c_w.l(libinit.o)
    0x0000014c   0x00000000   Code   RO         3223    .ARM.Collect$$libinit$$00000002  c_w.l(libinit2.o)
    0x0000014c   0x00000000   Code   RO         3225    .ARM.Collect$$libinit$$00000004  c_w.l(libinit2.o)
    0x0000014c   0x00000000   Code   RO         3228    .ARM.Collect$$libinit$$0000000A  c_w.l(libinit2.o)
    0x0000014c   0x00000000   Code   RO         3230    .ARM.Collect$$libinit$$0000000C  c_w.l(libinit2.o)
    0x0000014c   0x00000000   Code   RO         3232    .ARM.Collect$$libinit$$0000000E  c_w.l(libinit2.o)
    0x0000014c   0x00000000   Code   RO         3235    .ARM.Collect$$libinit$$00000011  c_w.l(libinit2.o)
    0x0000014c   0x00000000   Code   RO         3237    .ARM.Collect$$libinit$$00000013  c_w.l(libinit2.o)
    0x0000014c   0x00000000   Code   RO         3239    .ARM.Collect$$libinit$$00000015  c_w.l(libinit2.o)
    0x0000014c   0x00000000   Code   RO         3241    .ARM.Collect$$libinit$$00000017  c_w.l(libinit2.o)
    0x0000014c   0x00000000   Code   RO         3243    .ARM.Collect$$libinit$$00000019  c_w.l(libinit2.o)
    0x0000014c   0x00000000   Code   RO         3245    .ARM.Collect$$libinit$$0000001B  c_w.l(libinit2.o)
    0x0000014c   0x00000000   Code   RO         3247    .ARM.Collect$$libinit$$0000001D  c_w.l(libinit2.o)
    0x0000014c   0x00000000   Code   RO         3249    .ARM.Collect$$libinit$$0000001F  c_w.l(libinit2.o)
    0x0000014c   0x00000000   Code   RO         3251    .ARM.Collect$$libinit$$00000021  c_w.l(libinit2.o)
    0x0000014c   0x00000000   Code   RO         3253    .ARM.Collect$$libinit$$00000023  c_w.l(libinit2.o)
    0x0000014c   0x00000000   Code   RO         3255    .ARM.Collect$$libinit$$00000025  c_w.l(libinit2.o)
    0x0000014c   0x00000000   Code   RO         3259    .ARM.Collect$$libinit$$0000002C  c_w.l(libinit2.o)
    0x0000014c   0x00000000   Code   RO         3261    .ARM.Collect$$libinit$$0000002E  c_w.l(libinit2.o)
    0x0000014c   0x00000000   Code   RO         3263    .ARM.Collect$$libinit$$00000030  c_w.l(libinit2.o)
    0x0000014c   0x00000000   Code   RO         3265    .ARM.Collect$$libinit$$00000032  c_w.l(libinit2.o)
    0x0000014c   0x00000002   Code   RO         3266    .ARM.Collect$$libinit$$00000033  c_w.l(libinit2.o)
    0x0000014e   0x00000002   Code   RO         3202    .ARM.Collect$$libshutdown$$00000000  c_w.l(libshutdown.o)
    0x00000150   0x00000000   Code   RO         3268    .ARM.Collect$$libshutdown$$00000002  c_w.l(libshutdown2.o)
    0x00000150   0x00000000   Code   RO         3270    .ARM.Collect$$libshutdown$$00000004  c_w.l(libshutdown2.o)
    0x00000150   0x00000000   Code   RO         3273    .ARM.Collect$$libshutdown$$00000007  c_w.l(libshutdown2.o)
    0x00000150   0x00000000   Code   RO         3276    .ARM.Collect$$libshutdown$$0000000A  c_w.l(libshutdown2.o)
    0x00000150   0x00000000   Code   RO         3278    .ARM.Collect$$libshutdown$$0000000C  c_w.l(libshutdown2.o)
    0x00000150   0x00000000   Code   RO         3281    .ARM.Collect$$libshutdown$$0000000F  c_w.l(libshutdown2.o)
    0x00000150   0x00000002   Code   RO         3282    .ARM.Collect$$libshutdown$$00000010  c_w.l(libshutdown2.o)
    0x00000152   0x00000000   Code   RO         3133    .ARM.Collect$$rtentry$$00000000  c_w.l(__rtentry.o)
    0x00000152   0x00000000   Code   RO         3156    .ARM.Collect$$rtentry$$00000002  c_w.l(__rtentry2.o)
    0x00000152   0x00000006   Code   RO         3168    .ARM.Collect$$rtentry$$00000004  c_w.l(__rtentry4.o)
    0x00000158   0x00000000   Code   RO         3158    .ARM.Collect$$rtentry$$00000009  c_w.l(__rtentry2.o)
    0x00000158   0x00000004   Code   RO         3159    .ARM.Collect$$rtentry$$0000000A  c_w.l(__rtentry2.o)
    0x0000015c   0x00000008   Code   RO         3160    .ARM.Collect$$rtentry$$0000000B  c_w.l(__rtentry2.o)
    0x00000164   0x00000008   Code   RO         3162    .ARM.Collect$$rtentry$$0000000D  c_w.l(__rtentry2.o)
    0x0000016c   0x00000002   Code   RO         3134    .ARM.Collect$$rtexit$$00000000  c_w.l(rtexit.o)
    0x0000016e   0x00000000   Code   RO         3171    .ARM.Collect$$rtexit$$00000002  c_w.l(rtexit2.o)
    0x0000016e   0x00000004   Code   RO         3172    .ARM.Collect$$rtexit$$00000003  c_w.l(rtexit2.o)
    0x00000172   0x00000006   Code   RO         3173    .ARM.Collect$$rtexit$$00000004  c_w.l(rtexit2.o)
    0x00000178   0x0000001c   Code   RO          376    .emb_text           rtx_conf_cm.o
    0x00000194   0x00000130   Code   RO         2790    .emb_text           RTX_CM3.lib(hal_cm3.o)
    0x000002c4   0x00000008   Code   RO         3054    .text               c_w.l(libspace.o)
    0x000002cc   0x0000002c   Code   RO         3059    .text               c_w.l(__2sprintf.o)
    0x000002f8   0x00000002   Code   RO         3203    .text               c_w.l(use_no_semi.o)
    0x000002fa   0x00000000   Code   RO         3205    .text               c_w.l(indicate_semi.o)
    0x000002fa   0x00000002   Code   RO         2337    i.os_tick_irqack    RTX_CM3.lib(rt_system.o)
    0x000002fc   0x00000004   Code   RO         1209    .ARM.__at_0x02FC    startup_lpc17xx.o
    0x00000300   0x0000003c   Code   RO         1210    .text               startup_lpc17xx.o
    0x0000033c   0x00000078   Code   RO         3067    .text               c_w.l(_printf_dec.o)
    0x000003b4   0x00000138   Code   RO         3102    .text               c_w.l(__printf_flags_wp.o)
    0x000004ec   0x00000012   Code   RO         3117    .text               c_w.l(exit.o)
    0x000004fe   0x0000004e   Code   RO         3127    .text               c_w.l(rt_memclr_w.o)
    0x0000054c   0x00000006   Code   RO         3129    .text               c_w.l(heapauxi.o)
    0x00000552   0x000000b2   Code   RO         3140    .text               c_w.l(_printf_intcommon.o)
    0x00000604   0x00000030   Code   RO         3142    .text               c_w.l(_printf_char_common.o)
    0x00000634   0x0000000a   Code   RO         3144    .text               c_w.l(_sputc.o)
    0x0000063e   0x00000002   PAD
    0x00000640   0x0000000c   Code   RO         3185    .text               c_w.l(sys_exit.o)
    0x0000064c   0x0000004a   Code   RO         3187    .text               c_w.l(sys_stackheap_outer.o)
    0x00000696   0x00000002   PAD
    0x00000698   0x00000004   Code   RO         3049    SVC_TABLE           RTX_CM3.lib(svc_table.o)
    0x0000069c   0x00000020   Code   RO         1029    i.Clear_Channel_active_flag  gpdma_lpc17xx.o
    0x000006bc   0x00000180   Code   RO         1030    i.DMA_IRQHandler    gpdma_lpc17xx.o
    0x0000083c   0x00000048   Code   RO          439    i.ENET_IRQHandler   emac_lpc17xx.o
    0x00000884   0x00000030   Code   RO          126    i.GLCD_ClearScreen  glcd_mcb1700.o
    0x000008b4   0x000000d0   Code   RO          129    i.GLCD_DrawChar     glcd_mcb1700.o
    0x00000984   0x0000002c   Code   RO          133    i.GLCD_DrawString   glcd_mcb1700.o
    0x000009b0   0x000005b6   Code   RO          137    i.GLCD_Initialize   glcd_mcb1700.o
    0x00000f66   0x00000002   PAD
    0x00000f68   0x00000010   Code   RO          139    i.GLCD_SetFont      glcd_mcb1700.o
    0x00000f78   0x00000010   Code   RO          140    i.GLCD_SetForegroundColor  glcd_mcb1700.o
    0x00000f88   0x000000ac   Code   RO          141    i.GLCD_SetWindow    glcd_mcb1700.o
    0x00001034   0x00000012   Code   RO          144    i.GLCD_WindowMax    glcd_mcb1700.o
    0x00001046   0x00000002   PAD
    0x00001048   0x000000f4   Code   RO         1031    i.GPDMA_ChannelConfigure  gpdma_lpc17xx.o
    0x0000113c   0x00000030   Code   RO         1032    i.GPDMA_ChannelDisable  gpdma_lpc17xx.o
    0x0000116c   0x00000030   Code   RO         1034    i.GPDMA_ChannelGetCount  gpdma_lpc17xx.o
    0x0000119c   0x000000a8   Code   RO         1036    i.GPDMA_Initialize  gpdma_lpc17xx.o
    0x00001244   0x00000044   Code   RO         1037    i.GPDMA_PeripheralSelect  gpdma_lpc17xx.o
    0x00001288   0x00000080   Code   RO         1038    i.GPDMA_Uninitialize  gpdma_lpc17xx.o
    0x00001308   0x00000020   Code   RO         1119    i.GPIO_PinRead      gpio_lpc17xx.o
    0x00001328   0x00000028   Code   RO         1120    i.GPIO_PinWrite     gpio_lpc17xx.o
    0x00001350   0x0000002c   Code   RO         1121    i.GPIO_PortClock    gpio_lpc17xx.o
    0x0000137c   0x00000038   Code   RO         1124    i.GPIO_SetDir       gpio_lpc17xx.o
    0x000013b4   0x00000040   Code   RO          618    i.GetI2CClockFreq   i2c_lpc17xx.o
    0x000013f4   0x00000044   Code   RO          799    i.GetSSPClockFreq   ssp_lpc17xx.o
    0x00001438   0x00000018   Code   RO          619    i.I2C2_Control      i2c_lpc17xx.o
    0x00001450   0x00000010   Code   RO          620    i.I2C2_GetDataCount  i2c_lpc17xx.o
    0x00001460   0x00000010   Code   RO          621    i.I2C2_GetStatus    i2c_lpc17xx.o
    0x00001470   0x00000010   Code   RO          622    i.I2C2_IRQHandler   i2c_lpc17xx.o
    0x00001480   0x00000014   Code   RO          623    i.I2C2_Initialize   i2c_lpc17xx.o
    0x00001494   0x00000020   Code   RO          624    i.I2C2_MasterReceive  i2c_lpc17xx.o
    0x000014b4   0x00000020   Code   RO          625    i.I2C2_MasterTransmit  i2c_lpc17xx.o
    0x000014d4   0x00000014   Code   RO          626    i.I2C2_PowerControl  i2c_lpc17xx.o
    0x000014e8   0x00000018   Code   RO          627    i.I2C2_SlaveReceive  i2c_lpc17xx.o
    0x00001500   0x00000018   Code   RO          628    i.I2C2_SlaveTransmit  i2c_lpc17xx.o
    0x00001518   0x00000010   Code   RO          629    i.I2C2_Uninitialize  i2c_lpc17xx.o
    0x00001528   0x0000000c   Code   RO          630    i.I2C_GetCapabilities  i2c_lpc17xx.o
    0x00001534   0x00000010   Code   RO          631    i.I2C_GetVersion    i2c_lpc17xx.o
    0x00001544   0x0000018c   Code   RO          632    i.I2Cx_Control      i2c_lpc17xx.o
    0x000016d0   0x00000008   Code   RO          633    i.I2Cx_GetDataCount  i2c_lpc17xx.o
    0x000016d8   0x00000008   Code   RO          634    i.I2Cx_GetStatus    i2c_lpc17xx.o
    0x000016e0   0x00000030   Code   RO          635    i.I2Cx_IRQHandler   i2c_lpc17xx.o
    0x00001710   0x0000004e   Code   RO          636    i.I2Cx_Initialize   i2c_lpc17xx.o
    0x0000175e   0x000001ce   Code   RO          637    i.I2Cx_MasterHandler  i2c_lpc17xx.o
    0x0000192c   0x000000ce   Code   RO          638    i.I2Cx_MasterReceive  i2c_lpc17xx.o
    0x000019fa   0x000000cc   Code   RO          639    i.I2Cx_MasterTransmit  i2c_lpc17xx.o
    0x00001ac6   0x00000140   Code   RO          640    i.I2Cx_PowerControl  i2c_lpc17xx.o
    0x00001c06   0x000001d4   Code   RO          641    i.I2Cx_SlaveHandler  i2c_lpc17xx.o
    0x00001dda   0x00000074   Code   RO          642    i.I2Cx_SlaveReceive  i2c_lpc17xx.o
    0x00001e4e   0x00000074   Code   RO          643    i.I2Cx_SlaveTransmit  i2c_lpc17xx.o
    0x00001ec2   0x00000030   Code   RO          644    i.I2Cx_Uninitialize  i2c_lpc17xx.o
    0x00001ef2   0x00000002   PAD
    0x00001ef4   0x0000002c   Code   RO            4    i.Init_I2C          prog_capteur.o
    0x00001f20   0x0000005c   Code   RO          332    i.LED_Initialize    led_mcb1700.o
    0x00001f7c   0x0000002c   Code   RO          333    i.LED_Off           led_mcb1700.o
    0x00001fa8   0x0000002c   Code   RO          334    i.LED_On            led_mcb1700.o
    0x00001fd4   0x000000fc   Code   RO         1173    i.PIN_Configure     pin_lpc17xx.o
    0x000020d0   0x00000020   Code   RO         1174    i.PIN_ConfigureI2C0Pins  pin_lpc17xx.o
    0x000020f0   0x00000018   Code   RO          800    i.SSP1_Control      ssp_lpc17xx.o
    0x00002108   0x00000014   Code   RO          801    i.SSP1_GPDMA_Rx_SignalEvent  ssp_lpc17xx.o
    0x0000211c   0x00000014   Code   RO          802    i.SSP1_GPDMA_Tx_SignalEvent  ssp_lpc17xx.o
    0x00002130   0x00000010   Code   RO          803    i.SSP1_GetDataCount  ssp_lpc17xx.o
    0x00002140   0x00000010   Code   RO          804    i.SSP1_GetStatus    ssp_lpc17xx.o
    0x00002150   0x00000010   Code   RO          805    i.SSP1_IRQHandler   ssp_lpc17xx.o
    0x00002160   0x00000014   Code   RO          806    i.SSP1_Initialize   ssp_lpc17xx.o
    0x00002174   0x00000014   Code   RO          807    i.SSP1_PowerControl  ssp_lpc17xx.o
    0x00002188   0x00000018   Code   RO          808    i.SSP1_Receive      ssp_lpc17xx.o
    0x000021a0   0x00000018   Code   RO          809    i.SSP1_Send         ssp_lpc17xx.o
    0x000021b8   0x0000001c   Code   RO          810    i.SSP1_Transfer     ssp_lpc17xx.o
    0x000021d4   0x00000010   Code   RO          811    i.SSP1_Uninitialize  ssp_lpc17xx.o
    0x000021e4   0x0000000c   Code   RO          812    i.SSP_GetCapabilities  ssp_lpc17xx.o
    0x000021f0   0x00000010   Code   RO          813    i.SSP_GetVersion    ssp_lpc17xx.o
    0x00002200   0x0000051e   Code   RO          814    i.SSPx_Control      ssp_lpc17xx.o
    0x0000271e   0x00000036   Code   RO          815    i.SSPx_GPDMA_Rx_SignalEvent  ssp_lpc17xx.o
    0x00002754   0x0000001c   Code   RO          816    i.SSPx_GPDMA_Tx_SignalEvent  ssp_lpc17xx.o
    0x00002770   0x0000002c   Code   RO          817    i.SSPx_GetDataCount  ssp_lpc17xx.o
    0x0000279c   0x0000005a   Code   RO          818    i.SSPx_GetStatus    ssp_lpc17xx.o
    0x000027f6   0x00000104   Code   RO          819    i.SSPx_IRQHandler   ssp_lpc17xx.o
    0x000028fa   0x000000a8   Code   RO          820    i.SSPx_Initialize   ssp_lpc17xx.o
    0x000029a2   0x00000002   PAD
    0x000029a4   0x000001b4   Code   RO          821    i.SSPx_PowerControl  ssp_lpc17xx.o
    0x00002b58   0x0000015c   Code   RO          822    i.SSPx_Receive      ssp_lpc17xx.o
    0x00002cb4   0x00000154   Code   RO          823    i.SSPx_Send         ssp_lpc17xx.o
    0x00002e08   0x00000152   Code   RO          824    i.SSPx_Transfer     ssp_lpc17xx.o
    0x00002f5a   0x00000070   Code   RO          825    i.SSPx_Uninitialize  ssp_lpc17xx.o
    0x00002fca   0x00000002   PAD
    0x00002fcc   0x00000038   Code   RO         1039    i.Set_Channel_active_flag  gpdma_lpc17xx.o
    0x00003004   0x00000140   Code   RO         1220    i.SystemInit        system_lpc17xx.o
    0x00003144   0x00000064   Code   RO            5    i.TIMER0_IRQHandler  prog_capteur.o
    0x000031a8   0x0000002c   Code   RO            6    i.Timer_Init        prog_capteur.o
    0x000031d4   0x0000001c   Code   RO          645    i.__NVIC_ClearPendingIRQ  i2c_lpc17xx.o
    0x000031f0   0x0000001c   Code   RO          826    i.__NVIC_ClearPendingIRQ  ssp_lpc17xx.o
    0x0000320c   0x0000001c   Code   RO         1040    i.__NVIC_ClearPendingIRQ  gpdma_lpc17xx.o
    0x00003228   0x0000003c   Code   RO          646    i.__NVIC_DisableIRQ  i2c_lpc17xx.o
    0x00003264   0x0000001a   Code   RO          647    i.__NVIC_EnableIRQ  i2c_lpc17xx.o
    0x0000327e   0x00000046   Code   RO         2689    i._init_box         RTX_CM3.lib(rt_membox.o)
    0x000032c4   0x0000000e   Code   RO         3100    i._is_digit         c_w.l(__printf_wp.o)
    0x000032d2   0x00000002   PAD
    0x000032d4   0x00000020   Code   RO          378    i._mutex_acquire    rtx_conf_cm.o
    0x000032f4   0x0000001c   Code   RO          380    i._mutex_release    rtx_conf_cm.o
    0x00003310   0x00000030   Code   RO         2742    i.dbg_init          RTX_CM3.lib(hal_cm.o)
    0x00003340   0x00000020   Code   RO         2743    i.dbg_task_notify   RTX_CM3.lib(hal_cm.o)
    0x00003360   0x00000010   Code   RO         2744    i.dbg_task_switch   RTX_CM3.lib(hal_cm.o)
    0x00003370   0x0000002c   Code   RO          145    i.delay_ms          glcd_mcb1700.o
    0x0000339c   0x0000002a   Code   RO         1375    i.isrMessageGet     RTX_CM3.lib(rt_cmsis.o)
    0x000033c6   0x0000002c   Code   RO         1376    i.isrMessagePut     RTX_CM3.lib(rt_cmsis.o)
    0x000033f2   0x00000002   PAD
    0x000033f4   0x00000056   Code   RO         2544    i.isr_mbx_receive   RTX_CM3.lib(rt_mailbox.o)
    0x0000344a   0x0000000e   Code   RO         2545    i.isr_mbx_send      RTX_CM3.lib(rt_mailbox.o)
    0x00003458   0x0000007c   Code   RO            7    i.main              prog_capteur.o
    0x000034d4   0x00000024   Code   RO         1380    i.osKernelInitialize  RTX_CM3.lib(rt_cmsis.o)
    0x000034f8   0x0000006c   Code   RO         1382    i.osKernelStart     RTX_CM3.lib(rt_cmsis.o)
    0x00003564   0x00000018   Code   RO         1391    i.osMessageGet      RTX_CM3.lib(rt_cmsis.o)
    0x0000357c   0x0000002c   Code   RO         1408    i.osThreadCreate    RTX_CM3.lib(rt_cmsis.o)
    0x000035a8   0x00000018   Code   RO         1409    i.osThreadExit      RTX_CM3.lib(rt_cmsis.o)
    0x000035c0   0x0000000c   Code   RO         1415    i.osTimerCall       RTX_CM3.lib(rt_cmsis.o)
    0x000035cc   0x0000002c   Code   RO         1420    i.osTimerThread     RTX_CM3.lib(rt_cmsis.o)
    0x000035f8   0x00000022   Code   RO          381    i.os_error          rtx_conf_cm.o
    0x0000361a   0x00000004   Code   RO          382    i.os_idle_demon     rtx_conf_cm.o
    0x0000361e   0x00000002   PAD
    0x00003620   0x00000028   Code   RO         2336    i.os_tick_init      RTX_CM3.lib(rt_system.o)
    0x00003648   0x00000044   Code   RO          146    i.rd_dat            glcd_mcb1700.o
    0x0000368c   0x000000c8   Code   RO          147    i.rd_id_man         glcd_mcb1700.o
    0x00003754   0x00000010   Code   RO          148    i.rd_reg            glcd_mcb1700.o
    0x00003764   0x00000064   Code   RO            8    i.read1byte         prog_capteur.o
    0x000037c8   0x0000001a   Code   RO         2690    i.rt_alloc_box      RTX_CM3.lib(rt_membox.o)
    0x000037e2   0x0000003e   Code   RO         2718    i.rt_alloc_mem      RTX_CM3.lib(rt_memory.o)
    0x00003820   0x00000038   Code   RO         1994    i.rt_block          RTX_CM3.lib(rt_task.o)
    0x00003858   0x00000048   Code   RO         2667    i.rt_chk_robin      RTX_CM3.lib(rt_robin.o)
    0x000038a0   0x00000070   Code   RO         2468    i.rt_dec_dly        RTX_CM3.lib(rt_list.o)
    0x00003910   0x00000044   Code   RO         1995    i.rt_dispatch       RTX_CM3.lib(rt_task.o)
    0x00003954   0x00000050   Code   RO         2429    i.rt_evt_psh        RTX_CM3.lib(rt_event.o)
    0x000039a4   0x0000002c   Code   RO         2691    i.rt_free_box       RTX_CM3.lib(rt_membox.o)
    0x000039d0   0x00000028   Code   RO         2719    i.rt_free_mem       RTX_CM3.lib(rt_memory.o)
    0x000039f8   0x00000028   Code   RO         2469    i.rt_get_first      RTX_CM3.lib(rt_list.o)
    0x00003a20   0x00000008   Code   RO         1425    i.rt_id2obj         RTX_CM3.lib(rt_cmsis.o)
    0x00003a28   0x00000048   Code   RO         1996    i.rt_init_context   RTX_CM3.lib(rt_task.o)
    0x00003a70   0x0000001a   Code   RO         2720    i.rt_init_mem       RTX_CM3.lib(rt_memory.o)
    0x00003a8a   0x00000002   PAD
    0x00003a8c   0x00000018   Code   RO         2668    i.rt_init_robin     RTX_CM3.lib(rt_robin.o)
    0x00003aa4   0x00000080   Code   RO         2745    i.rt_init_stack     RTX_CM3.lib(hal_cm.o)
    0x00003b24   0x00000008   Code   RO         2546    i.rt_mbx_check      RTX_CM3.lib(rt_mailbox.o)
    0x00003b2c   0x0000001a   Code   RO         2547    i.rt_mbx_init       RTX_CM3.lib(rt_mailbox.o)
    0x00003b46   0x00000002   PAD
    0x00003b48   0x000000f0   Code   RO         2548    i.rt_mbx_psh        RTX_CM3.lib(rt_mailbox.o)
    0x00003c38   0x000000b4   Code   RO         2550    i.rt_mbx_wait       RTX_CM3.lib(rt_mailbox.o)
    0x00003cec   0x00000044   Code   RO         1426    i.rt_ms2tick        RTX_CM3.lib(rt_cmsis.o)
    0x00003d30   0x000000d8   Code   RO         2080    i.rt_mut_release    RTX_CM3.lib(rt_mutex.o)
    0x00003e08   0x00000078   Code   RO         2081    i.rt_mut_wait       RTX_CM3.lib(rt_mutex.o)
    0x00003e80   0x0000007c   Code   RO         2340    i.rt_pop_req        RTX_CM3.lib(rt_system.o)
    0x00003efc   0x00000020   Code   RO         2341    i.rt_psh_req        RTX_CM3.lib(rt_system.o)
    0x00003f1c   0x0000005c   Code   RO         2471    i.rt_psq_enq        RTX_CM3.lib(rt_list.o)
    0x00003f78   0x00000048   Code   RO         2472    i.rt_put_dly        RTX_CM3.lib(rt_list.o)
    0x00003fc0   0x00000036   Code   RO         2473    i.rt_put_prio       RTX_CM3.lib(rt_list.o)
    0x00003ff6   0x00000002   PAD
    0x00003ff8   0x00000014   Code   RO         2474    i.rt_put_rdy_first  RTX_CM3.lib(rt_list.o)
    0x0000400c   0x00000034   Code   RO         2475    i.rt_resort_prio    RTX_CM3.lib(rt_list.o)
    0x00004040   0x00000006   Code   RO         2746    i.rt_ret_val        RTX_CM3.lib(hal_cm.o)
    0x00004046   0x00000008   Code   RO         2747    i.rt_ret_val2       RTX_CM3.lib(hal_cm.o)
    0x0000404e   0x00000028   Code   RO         2476    i.rt_rmv_dly        RTX_CM3.lib(rt_list.o)
    0x00004076   0x00000002   PAD
    0x00004078   0x00000030   Code   RO         2477    i.rt_rmv_list       RTX_CM3.lib(rt_list.o)
    0x000040a8   0x00000034   Code   RO         2595    i.rt_sem_psh        RTX_CM3.lib(rt_semaphore.o)
    0x000040dc   0x00000024   Code   RO         2343    i.rt_stk_check      RTX_CM3.lib(rt_system.o)
    0x00004100   0x00000028   Code   RO         1997    i.rt_switch_req     RTX_CM3.lib(rt_task.o)
    0x00004128   0x000000cc   Code   RO         1998    i.rt_sys_init       RTX_CM3.lib(rt_task.o)
    0x000041f4   0x00000078   Code   RO         1999    i.rt_sys_start      RTX_CM3.lib(rt_task.o)
    0x0000426c   0x00000040   Code   RO         2345    i.rt_systick        RTX_CM3.lib(rt_system.o)
    0x000042ac   0x00000012   Code   RO         1427    i.rt_tid2ptcb       RTX_CM3.lib(rt_cmsis.o)
    0x000042be   0x00000002   PAD
    0x000042c0   0x00000034   Code   RO         1428    i.rt_timer_insert   RTX_CM3.lib(rt_cmsis.o)
    0x000042f4   0x00000088   Code   RO         2000    i.rt_tsk_create     RTX_CM3.lib(rt_task.o)
    0x0000437c   0x0000017c   Code   RO         2001    i.rt_tsk_delete     RTX_CM3.lib(rt_task.o)
    0x000044f8   0x0000007c   Code   RO         2003    i.rt_tsk_prio       RTX_CM3.lib(rt_task.o)
    0x00004574   0x00000010   Code   RO         2004    i.rt_tsk_self       RTX_CM3.lib(rt_task.o)
    0x00004584   0x0000002c   Code   RO          149    i.spi_tran          glcd_mcb1700.o
    0x000045b0   0x00000088   Code   RO          150    i.spi_tran_man      glcd_mcb1700.o
    0x00004638   0x00000070   Code   RO         1431    i.svcKernelInitialize  RTX_CM3.lib(rt_cmsis.o)
    0x000046a8   0x00000048   Code   RO         1433    i.svcKernelStart    RTX_CM3.lib(rt_cmsis.o)
    0x000046f0   0x00000024   Code   RO         1436    i.svcMessageCreate  RTX_CM3.lib(rt_cmsis.o)
    0x00004714   0x0000003a   Code   RO         1437    i.svcMessageGet     RTX_CM3.lib(rt_cmsis.o)
    0x0000474e   0x00000002   PAD
    0x00004750   0x0000006c   Code   RO         1451    i.svcThreadCreate   RTX_CM3.lib(rt_cmsis.o)
    0x000047bc   0x0000001c   Code   RO         1452    i.svcThreadGetId    RTX_CM3.lib(rt_cmsis.o)
    0x000047d8   0x00000038   Code   RO         1455    i.svcThreadTerminate  RTX_CM3.lib(rt_cmsis.o)
    0x00004810   0x00000018   Code   RO         1457    i.svcTimerCall      RTX_CM3.lib(rt_cmsis.o)
    0x00004828   0x0000005c   Code   RO         1466    i.sysTimerTick      RTX_CM3.lib(rt_cmsis.o)
    0x00004884   0x0000004c   Code   RO          151    i.wr_cmd            glcd_mcb1700.o
    0x000048d0   0x00000034   Code   RO          153    i.wr_dat_only       glcd_mcb1700.o
    0x00004904   0x00000018   Code   RO          154    i.wr_dat_start      glcd_mcb1700.o
    0x0000491c   0x00000014   Code   RO          155    i.wr_dat_stop       glcd_mcb1700.o
    0x00004930   0x00000090   Code   RO          156    i.wr_reg            glcd_mcb1700.o
    0x000049c0   0x000018a0   Data   RO          114    .constdata          glcd_fonts.o
    0x00006260   0x00000010   Data   RO          337    .constdata          led_mcb1700.o
    0x00006270   0x00000068   Data   RO          384    .constdata          rtx_conf_cm.o
    0x000062d8   0x00000064   Data   RO          649    .constdata          i2c_lpc17xx.o
    0x0000633c   0x0000007c   Data   RO          828    .constdata          ssp_lpc17xx.o
    0x000063b8   0x00000011   Data   RO         3103    .constdata          c_w.l(__printf_flags_wp.o)
    0x000063c9   0x00000003   PAD
    0x000063cc   0x00000020   Data   RO         3325    Region$$Table       anon$$obj.o


    Execution Region RW_IRAM1 (Base: 0x10000000, Size: 0x00003fd0, Max: 0x00008000, ABSOLUTE)

    Base Addr    Size         Type   Attr      Idx    E Section Name        Object

    0x10000000   0x00000003   Data   RW           11    .data               prog_capteur.o
    0x10000003   0x00000001   PAD
    0x10000004   0x00000011   Data   RW          157    .data               glcd_mcb1700.o
    0x10000015   0x00000003   PAD
    0x10000018   0x00000014   Data   RW          385    .data               rtx_conf_cm.o
    0x1000002c   0x00000004   Data   RW          650    .data               i2c_lpc17xx.o
    0x10000030   0x00000010   Data   RW          829    .data               ssp_lpc17xx.o
    0x10000040   0x00000008   Data   RW         1042    .data               gpdma_lpc17xx.o
    0x10000048   0x00000004   Data   RW         1221    .data               system_lpc17xx.o
    0x1000004c   0x00000008   Data   RW         1469    .data               RTX_CM3.lib(rt_cmsis.o)
    0x10000054   0x00000008   Data   RW         2006    .data               RTX_CM3.lib(rt_task.o)
    0x1000005c   0x00000008   Data   RW         2348    .data               RTX_CM3.lib(rt_system.o)
    0x10000064   0x00000004   Data   RW         2638    .data               RTX_CM3.lib(rt_time.o)
    0x10000068   0x00000008   Data   RW         2669    .data               RTX_CM3.lib(rt_robin.o)
    0x10000070   0x00000001   Data   RW         2748    .data               RTX_CM3.lib(hal_cm.o)
    0x10000071   0x00000003   PAD
    0x10000074   0x0000001e   Zero   RW           10    .bss                prog_capteur.o
    0x10000092   0x00000006   PAD
    0x10000098   0x00001110   Zero   RW          383    .bss                rtx_conf_cm.o
    0x100011a8   0x00002a74   Zero   RW          462    .bss                emac_lpc17xx.o
    0x10003c1c   0x00000024   Zero   RW          648    .bss                i2c_lpc17xx.o
    0x10003c40   0x00000028   Zero   RW          827    .bss                ssp_lpc17xx.o
    0x10003c68   0x000000a0   Zero   RW         1041    .bss                gpdma_lpc17xx.o
    0x10003d08   0x00000034   Zero   RW         2005    .bss                RTX_CM3.lib(rt_task.o)
    0x10003d3c   0x00000030   Zero   RW         2478    .bss                RTX_CM3.lib(rt_list.o)
    0x10003d6c   0x00000060   Zero   RW         3055    .bss                c_w.l(libspace.o)
    0x10003dcc   0x00000004   PAD
    0x10003dd0   0x00000000   Zero   RW         1207    HEAP                startup_lpc17xx.o
    0x10003dd0   0x00000200   Zero   RW         1206    STACK               startup_lpc17xx.o


==============================================================================

Image component sizes


      Code (inc. data)   RO Data    RW Data    ZI Data      Debug   Object Name

        72         10          0          0      10868      39189   emac_lpc17xx.o
         0          0       6304          0          0        736   glcd_fonts.o
      2808        104          0         17          0      18028   glcd_mcb1700.o
      1204         94          0          8        160       8062   gpdma_lpc17xx.o
       172         18          0          0          0       2294   gpio_lpc17xx.o
      2924        132        100          4         36      48244   i2c_lpc17xx.o
       180         12         16          0          0       2522   led_mcb1700.o
       284         10          0          0          0       1464   pin_lpc17xx.o
       412         60          0          3         30      54893   prog_capteur.o
       126         26        104         20       4368       8907   rtx_conf_cm.o
      3896        106        124         16         40      26588   ssp_lpc17xx.o
        64         26        204          0        512        952   startup_lpc17xx.o
       320         18          0          4          0        759   system_lpc17xx.o

    ----------------------------------------------------------------------
     12474        616       6884         76      16020     212638   Object Totals
         0          0         32          0          0          0   (incl. Generated)
        12          0          0          4          6          0   (incl. Padding)

    ----------------------------------------------------------------------

      Code (inc. data)   RO Data    RW Data    ZI Data      Debug   Library Member Name

       238         24          0          1          0       3312   hal_cm.o
       304         36          0          0          0        768   hal_cm3.o
      1110        138          0          8          0      31753   rt_cmsis.o
        80          4          0          0          0        661   rt_event.o
       530         34          0          0         48       8253   rt_list.o
       554         10          0          0          0       3949   rt_mailbox.o
       140          0          0          0          0       1925   rt_membox.o
       128          0          0          0          0       2307   rt_memory.o
       336         14          0          0          0       1643   rt_mutex.o
        96         22          0          8          0       1158   rt_robin.o
        52          4          0          0          0        573   rt_semaphore.o
       298         52          0          8          0       6223   rt_system.o
      1216        174          0          8         52       9649   rt_task.o
         0          0          0          4          0        214   rt_time.o
         4          4          0          0          0        208   svc_table.o
        44          6          0          0          0         84   __2sprintf.o
         8          0          0          0          0         68   __main.o
       312          4         17          0          0         92   __printf_flags_wp.o
        14          0          0          0          0         68   __printf_wp.o
         0          0          0          0          0          0   __rtentry.o
        20          0          0          0          0          0   __rtentry2.o
         6          0          0          0          0          0   __rtentry4.o
        52          8          0          0          0          0   __scatter.o
        26          0          0          0          0          0   __scatter_copy.o
        28          0          0          0          0          0   __scatter_zi.o
        48          6          0          0          0         96   _printf_char_common.o
         6          0          0          0          0          0   _printf_d.o
       120         16          0          0          0         92   _printf_dec.o
       178          0          0          0          0         88   _printf_intcommon.o
         0          0          0          0          0          0   _printf_percent.o
         4          0          0          0          0          0   _printf_percent_end.o
        10          0          0          0          0         68   _sputc.o
        18          0          0          0          0         80   exit.o
         6          0          0          0          0        152   heapauxi.o
         0          0          0          0          0          0   indicate_semi.o
         2          0          0          0          0          0   libinit.o
         2          0          0          0          0          0   libinit2.o
         2          0          0          0          0          0   libshutdown.o
         2          0          0          0          0          0   libshutdown2.o
         8          4          0          0         96         68   libspace.o
        78          0          0          0          0         80   rt_memclr_w.o
         2          0          0          0          0          0   rtexit.o
        10          0          0          0          0          0   rtexit2.o
        12          4          0          0          0         68   sys_exit.o
        74          0          0          0          0         80   sys_stackheap_outer.o
         2          0          0          0          0         68   use_no_semi.o

    ----------------------------------------------------------------------
      6202        564         20         40        200      73848   Library Totals
        22          0          3          3          4          0   (incl. Padding)

    ----------------------------------------------------------------------

      Code (inc. data)   RO Data    RW Data    ZI Data      Debug   Library Name

      5086        516          0         37        100      72596   RTX_CM3.lib
      1094         48         17          0         96       1252   c_w.l

    ----------------------------------------------------------------------
      6202        564         20         40        200      73848   Library Totals

    ----------------------------------------------------------------------

==============================================================================


      Code (inc. data)   RO Data    RW Data    ZI Data      Debug   

     18676       1180       6904        116      16220     277018   Grand Totals
     18676       1180       6904        116      16220     277018   ELF Image Totals
     18676       1180       6904        116          0          0   ROM Totals

==============================================================================

    Total RO  Size (Code + RO Data)                25580 (  24.98kB)
    Total RW  Size (RW Data + ZI Data)             16336 (  15.95kB)
    Total ROM Size (Code + RO Data + RW Data)      25696 (  25.09kB)

==============================================================================

